F
=================================== FAILURES ===================================
__________ test_rehashed_acquisition_counters_refuse[scalar_fp_count] __________

tmp_path = PosixPath('/tmp/pytest-of-otherside123/pytest-0/test_rehashed_acquisition_coun0')
counter = 'scalar_fp_count'

    @pytest.mark.parametrize('counter',['scalar_fp_count','opcode_histogram'])
    def test_rehashed_acquisition_counters_refuse(tmp_path,counter):
        pred,cp,out,report=first(tmp_path)
        doc=json.loads((cp/'checkpoint.json').read_bytes())
        doc['metadata']['capture'][counter]=0 if counter=='scalar_fp_count' else {}
        p=cp/'checkpoint.json'; p.chmod(0o600); p.write_bytes(canonical_bytes(doc)); rehash_checkpoint(cp)
        edge=json.loads((out/'edge.json').read_bytes()); edge['checkpoint_id']=(cp/'CHECKPOINT').read_text().strip()
        (out/'edge.json').write_bytes(canonical_bytes(edge)); rehash_derived(out)
        rejected=check_edge(cp,out,pred,ROOT)
>       assert rejected['verdict']=='REFUSED' and rejected['failure_stage']=='RAW',rejected
E       AssertionError: {'schema': 'LIVE_EDGE_CHECK_V1', 'verdict': 'CHECKER_PASS', 'candidate': {'generation': 1, 'step_index': 1, 'requested...nd': 'NEXT_STEP_ENTRY', ...}, 'checkpoint_id': '5828dd2bb2d4f45726cf524c408cdeb4fc79c23ea1f92650afc66530cc5cf788', ...}
E       assert ('CHECKER_PASS' == 'REFUSED'
E         
E         - REFUSED
E         + CHECKER_PASS)

tests/test_live_chain_incremental.py:76: AssertionError
=========================== short test summary info ============================
FAILED tests/test_live_chain_incremental.py::test_rehashed_acquisition_counters_refuse[scalar_fp_count]
!!!!!!!!!!!!!!!!!!!!!!!!!! stopping after 1 failures !!!!!!!!!!!!!!!!!!!!!!!!!!!
1 failed, 15 deselected in 2.27s
