{
  "all_refused": true,
  "cases": [
    {
      "code": "REGISTER_SEMANTICS",
      "name": "movsd-memory-upper64",
      "receipt_sha256": "cf4d1f584dd42af7f2916d73a143f51a114c5c0302653e9e318d2eeb93f4e929",
      "result_sha256": "3b7b236fbe7888a087eec0702b7b9a6d24a86727688dd6875c85c69ecd8d1bf2",
      "trust_mode": "TEST_ONLY_REPIN",
      "verdict": "REFUSED"
    },
    {
      "code": "SEQUENCE_RECEIPT",
      "name": "dense-deletion-stale-receipts",
      "receipt_sha256": "52d4cb580d42440c39b2db5714516bcb8b9489c591bcd06d3b73ec57adc8bfe0",
      "result_sha256": "bd569b5f29d17c5d4d0788fa98966129dc08cec779ebfb18116beacfd08d66dc",
      "trust_mode": "TEST_ONLY_REPIN",
      "verdict": "REFUSED"
    },
    {
      "code": "TRACE_CONTROL_TARGET",
      "name": "dense-deletion-fully-repaired",
      "receipt_sha256": "5a6732bf9abbc957f429de8602eb296f53e6866a48e6d259678fceee9da7e745",
      "result_sha256": "eca4ccbb5a85436046b6e9714ffeafd3618c94960d27d06427b8924d0c4ff1cc",
      "trust_mode": "TEST_ONLY_REPIN",
      "verdict": "REFUSED"
    },
    {
      "code": "SEQUENCE_RECEIPT",
      "name": "dense-reorder-stale-receipts",
      "receipt_sha256": "5f9a2678101a4267c427a67dc78a51bc31930fbd478d1500cc31f85a55bc4596",
      "result_sha256": "354f2825453abb1c3f70606b5e384f7ee709b18a24325e8191faa2027096a334",
      "trust_mode": "TEST_ONLY_REPIN",
      "verdict": "REFUSED"
    },
    {
      "code": "TRACE_CONTROL_TARGET",
      "name": "dense-reorder-fully-repaired",
      "receipt_sha256": "e3f3eb16a1a5a615545d7d08f6e7d7a1d8134b71efb20357431c1beb19f2e648",
      "result_sha256": "077bcf356c7b0127d63994c383cc10d977086561a71f5c0a57da2f8755009283",
      "trust_mode": "TEST_ONLY_REPIN",
      "verdict": "REFUSED"
    },
    {
      "code": "ABI_PROVENANCE",
      "name": "same-bits-wrong-origin-role",
      "receipt_sha256": "908a90792b008af88f84267e623b21f9991530b3f0bf0b838d5b8ed358e42554",
      "result_sha256": "53638eb15747454cbf8e383969268a9fe0a333f1c195a7c9ac2af065a837eb1b",
      "trust_mode": "UNIT_STRUCTURED_FIXTURE",
      "verdict": "REFUSED"
    }
  ],
  "generator_sha256": "c435f52d976d22b93c3060b8537a45fe670d8eea662a4d77266128c9be972d5d",
  "schema": "gala-caller-transition-checker-fix2-mutation-manifest-v1",
  "source_case": "audited-attempt-05-readproof-01"
}
