
This GDB supports auto-downloading debuginfo from the following URLs:
  <https://debuginfod.ubuntu.com>
Enable debuginfod for this session? (y or [n]) [answered N; input not from terminal]
Debuginfod has been disabled.
To make this setting permanent, add 'set debuginfod enabled off' to .gdbinit.
Function "_ZL66__pyx_f_4gala_9integrate_13cyintegrators_8leapfrog_c_leapfrog_stepP11_CPotentialmiddPdS1_S1_S1_" not defined.

Thread 1 "python" hit Breakpoint -1, __pyx_f_4gala_9integrate_13cyintegrators_8leapfrog_c_leapfrog_step (__pyx_v_p=0x28543e0, __pyx_v_n=1, __pyx_v_half_ndim=2, __pyx_v_t=0.015625, __pyx_v_dt=0.015625, __pyx_v_x_jm1=0x2ebaed0, __pyx_v_v_jm1=0x2ebaee0, __pyx_v_v_jm1_2=0x2f34160, __pyx_v_grad=0x28e6420) at src/gala/integrate/cyintegrators/leapfrog.cpp:21212

Thread 1 "python" hit Breakpoint -567, 0x00007fffae7978e3 in __pyx_f_4gala_9integrate_13cyintegrators_8leapfrog_c_leapfrog_step (__pyx_v_p=<optimized out>, __pyx_v_n=<optimized out>, __pyx_v_half_ndim=<optimized out>, __pyx_v_t=<optimized out>, __pyx_v_dt=<optimized out>, __pyx_v_x_jm1=<optimized out>, __pyx_v_v_jm1=<optimized out>, __pyx_v_v_jm1_2=<optimized out>, __pyx_v_grad=0x28e6420) at src/gala/integrate/cyintegrators/leapfrog.cpp:21328
21328	in src/gala/integrate/cyintegrators/leapfrog.cpp
__Pyx_ErrOccurredWithGIL () at src/gala/integrate/cyintegrators/leapfrog.cpp:30419
30419	in src/gala/integrate/cyintegrators/leapfrog.cpp
0x00007fffae7b3621	30419	in src/gala/integrate/cyintegrators/leapfrog.cpp
0x00007fffae7b3623	30419	in src/gala/integrate/cyintegrators/leapfrog.cpp
0x00007fffae7889d0 in PyGILState_Ensure@plt () from /home/otherside123/venvs/gate2c1-trace/lib/python3.12/site-packages/gala/integrate/cyintegrators/leapfrog.cpython-312-x86_64-linux-gnu.so
0x00000000006b2ba0 in PyGILState_Ensure ()
0x00000000006b2ba4 in PyGILState_Ensure ()
0x00000000006b2ba5 in PyGILState_Ensure ()
0x00000000006b2baa in PyGILState_Ensure ()
0x00000000006b2bad in PyGILState_Ensure ()
0x00000000006b2bae in PyGILState_Ensure ()
0x00000000006b2baf in PyGILState_Ensure ()
0x00000000006104e0 in PyThread_tss_get ()
0x00000000006104e4 in PyThread_tss_get ()
0x00000000006104e7 in PyThread_tss_get ()
0x0000000000421760 in pthread_getspecific@plt ()
___pthread_getspecific (key=0) at ./nptl/pthread_getspecific.c:24
29	in ./nptl/pthread_getspecific.c
0x00007ffff7c9e697	29	in ./nptl/pthread_getspecific.c
30	in ./nptl/pthread_getspecific.c
0x00007ffff7c9e69b	30	in ./nptl/pthread_getspecific.c
0x00007ffff7c9e69f	30	in ./nptl/pthread_getspecific.c
0x00007ffff7c9e6a3	30	in ./nptl/pthread_getspecific.c
54	in ./nptl/pthread_getspecific.c
55	in ./nptl/pthread_getspecific.c
0x00007ffff7c9e6b3	55	in ./nptl/pthread_getspecific.c
59	in ./nptl/pthread_getspecific.c
0x00007ffff7c9e6b7	59	in ./nptl/pthread_getspecific.c
0x00007ffff7c9e6be	59	in ./nptl/pthread_getspecific.c
0x00007ffff7c9e6c1	59	in ./nptl/pthread_getspecific.c
0x00007ffff7c9e6c5	59	in ./nptl/pthread_getspecific.c
0x00007ffff7c9e6c9	59	in ./nptl/pthread_getspecific.c
0x00007ffff7c9e6cb	64	in ./nptl/pthread_getspecific.c
0x00007ffff7c9e6ce	64	in ./nptl/pthread_getspecific.c
0x00000000006b2bb4 in PyGILState_Ensure ()
0x00000000006b2bb7 in PyGILState_Ensure ()
0x00000000006b2bbd in PyGILState_Ensure ()
0x00000000006b2bc6 in PyGILState_Ensure ()
0x00000000006b2bc9 in PyGILState_Ensure ()
0x00000000006b2bce in PyGILState_Ensure ()
0x00000000006b2bd1 in PyGILState_Ensure ()
0x00000000006b2bde in PyGILState_Ensure ()
0x00000000006b2be1 in PyGILState_Ensure ()
0x00000000005fc4c0 in PyEval_RestoreThread ()
0x00000000005fc4c4 in PyEval_RestoreThread ()
0x00000000005fc4c5 in PyEval_RestoreThread ()
0x00000000005fc4c8 in PyEval_RestoreThread ()
0x00000000005fc4c9 in PyEval_RestoreThread ()
0x00000000005fc4cd in PyEval_RestoreThread ()
0x00000000005fc4d0 in PyEval_RestoreThread ()
0x00000000005fc4d6 in PyEval_RestoreThread ()
0x00000000005fc4d9 in PyEval_RestoreThread ()
0x00000000005fbbe0 in ?? ()
0x00000000005fbbe1 in ?? ()
0x00000000005fbbe4 in ?? ()
0x00000000005fbbe6 in ?? ()
0x00000000005fbbe8 in ?? ()
0x00000000005fbbea in ?? ()
0x00000000005fbbed in ?? ()
0x00000000005fbbef in ?? ()
0x00000000005fbbf0 in ?? ()
0x00000000005fbbf4 in ?? ()
0x00000000004214b0 in __errno_location@plt ()
__GI___errno_location () at ./csu/errno-loc.c:25
26	in ./csu/errno-loc.c
0x00007ffff7c2a6eb	26	in ./csu/errno-loc.c
0x00007ffff7c2a6f4	27	in ./csu/errno-loc.c
0x00000000005fbbf9 in ?? ()
0x00000000005fbbfc in ?? ()
0x00000000005fbbff in ?? ()
0x00000000005fbc01 in ?? ()
0x00000000005fbc04 in ?? ()
0x0000000000608330 in ?? ()
0x0000000000608334 in ?? ()
0x0000000000608335 in ?? ()
0x0000000000608338 in ?? ()
0x0000000000608339 in ?? ()
0x000000000060833d in ?? ()
0x0000000000608344 in ?? ()
0x000000000060834b in ?? ()
0x000000000060834e in ?? ()
0x0000000000608350 in ?? ()
0x0000000000608354 in ?? ()
0x0000000000608358 in ?? ()
0x000000000060835f in ?? ()
0x0000000000608362 in ?? ()
0x0000000000608364 in ?? ()
0x0000000000608367 in ?? ()
0x000000000060836d in ?? ()
0x000000000060836f in ?? ()
0x0000000000608373 in ?? ()
0x0000000000608374 in ?? ()
0x00000000005fbc09 in ?? ()
0x00000000005fbc0b in ?? ()
0x00000000005fbc11 in ?? ()
0x00000000005fbc15 in ?? ()
0x00000000005fbc1d in ?? ()
0x00000000005fbc25 in ?? ()
0x00000000005fbc29 in ?? ()
0x00000000005fbc2d in ?? ()
0x00000000005fbc30 in ?? ()
0x0000000000421c00 in pthread_mutex_lock@plt ()
___pthread_mutex_lock (mutex=0xb49288 <_PyRuntime+77512>) at ./nptl/pthread_mutex_lock.c:77
80	in ./nptl/pthread_mutex_lock.c
0x00007ffff7ca00d7	80	in ./nptl/pthread_mutex_lock.c
0x00007ffff7ca00d9	80	in ./nptl/pthread_mutex_lock.c
82	in ./nptl/pthread_mutex_lock.c
84	in ./nptl/pthread_mutex_lock.c
0x00007ffff7ca00e3	84	in ./nptl/pthread_mutex_lock.c
88	in ./nptl/pthread_mutex_lock.c
0x00007ffff7ca00ea	88	in ./nptl/pthread_mutex_lock.c
0x00007ffff7ca00ed	88	in ./nptl/pthread_mutex_lock.c
0x00007ffff7ca00ee	88	in ./nptl/pthread_mutex_lock.c
0x00007ffff7ca00f2	88	in ./nptl/pthread_mutex_lock.c
0x00007ffff7ca00f4	88	in ./nptl/pthread_mutex_lock.c
90	in ./nptl/pthread_mutex_lock.c
0x00007ffff7ca0101	90	in ./nptl/pthread_mutex_lock.c
0x00007ffff7ca0104	90	in ./nptl/pthread_mutex_lock.c
lll_mutex_lock_optimized (mutex=0xb49288 <_PyRuntime+77512>) at ./nptl/pthread_mutex_lock.c:44
44	in ./nptl/pthread_mutex_lock.c
45	in ./nptl/pthread_mutex_lock.c
0x00007ffff7ca010f	45	in ./nptl/pthread_mutex_lock.c
0x00007ffff7ca0111	45	in ./nptl/pthread_mutex_lock.c
0x00007ffff7ca0118	45	in ./nptl/pthread_mutex_lock.c
48	in ./nptl/pthread_mutex_lock.c
0x00007ffff7ca011c	48	in ./nptl/pthread_mutex_lock.c
0x00007ffff7ca0121	48	in ./nptl/pthread_mutex_lock.c
0x00007ffff7ca0125	48	in ./nptl/pthread_mutex_lock.c
___pthread_mutex_lock (mutex=<optimized out>) at ./nptl/pthread_mutex_lock.c:94
94	in ./nptl/pthread_mutex_lock.c
0x00007ffff7ca012e	94	in ./nptl/pthread_mutex_lock.c
0x00007ffff7ca0130	94	in ./nptl/pthread_mutex_lock.c
179	in ./nptl/pthread_mutex_lock.c
182	in ./nptl/pthread_mutex_lock.c
184	in ./nptl/pthread_mutex_lock.c
187	in ./nptl/pthread_mutex_lock.c
189	in ./nptl/pthread_mutex_lock.c
0x00007ffff7ca0148	190	in ./nptl/pthread_mutex_lock.c
0x00007ffff7ca014c	190	in ./nptl/pthread_mutex_lock.c
0x00007ffff7ca014d	190	in ./nptl/pthread_mutex_lock.c
0x00000000005fbc35 in ?? ()
0x00000000005fbc38 in ?? ()
0x00000000005fbc3a in ?? ()
0x00000000005fbc40 in ?? ()
0x00000000005fbc43 in ?? ()
0x00000000005fbc47 in ?? ()
0x00000000005fbc49 in ?? ()
0x00000000005fbc4f in ?? ()
0x00000000005fbc56 in ?? ()
0x00000000005fbc59 in ?? ()
0x00000000005fbc5d in ?? ()
0x0000000000421c00 in pthread_mutex_lock@plt ()
___pthread_mutex_lock (mutex=0xb492e0 <_PyRuntime+77600>) at ./nptl/pthread_mutex_lock.c:77
77	in ./nptl/pthread_mutex_lock.c
80	in ./nptl/pthread_mutex_lock.c
0x00007ffff7ca00d7	80	in ./nptl/pthread_mutex_lock.c
0x00007ffff7ca00d9	80	in ./nptl/pthread_mutex_lock.c
82	in ./nptl/pthread_mutex_lock.c
84	in ./nptl/pthread_mutex_lock.c
0x00007ffff7ca00e3	84	in ./nptl/pthread_mutex_lock.c
88	in ./nptl/pthread_mutex_lock.c
0x00007ffff7ca00ea	88	in ./nptl/pthread_mutex_lock.c
0x00007ffff7ca00ed	88	in ./nptl/pthread_mutex_lock.c
0x00007ffff7ca00ee	88	in ./nptl/pthread_mutex_lock.c
0x00007ffff7ca00f2	88	in ./nptl/pthread_mutex_lock.c
0x00007ffff7ca00f4	88	in ./nptl/pthread_mutex_lock.c
90	in ./nptl/pthread_mutex_lock.c
0x00007ffff7ca0101	90	in ./nptl/pthread_mutex_lock.c
0x00007ffff7ca0104	90	in ./nptl/pthread_mutex_lock.c
lll_mutex_lock_optimized (mutex=0xb492e0 <_PyRuntime+77600>) at ./nptl/pthread_mutex_lock.c:44
44	in ./nptl/pthread_mutex_lock.c
45	in ./nptl/pthread_mutex_lock.c
0x00007ffff7ca010f	45	in ./nptl/pthread_mutex_lock.c
0x00007ffff7ca0111	45	in ./nptl/pthread_mutex_lock.c
0x00007ffff7ca0118	45	in ./nptl/pthread_mutex_lock.c
48	in ./nptl/pthread_mutex_lock.c
0x00007ffff7ca011c	48	in ./nptl/pthread_mutex_lock.c
0x00007ffff7ca0121	48	in ./nptl/pthread_mutex_lock.c
0x00007ffff7ca0125	48	in ./nptl/pthread_mutex_lock.c
___pthread_mutex_lock (mutex=<optimized out>) at ./nptl/pthread_mutex_lock.c:94
94	in ./nptl/pthread_mutex_lock.c
0x00007ffff7ca012e	94	in ./nptl/pthread_mutex_lock.c
0x00007ffff7ca0130	94	in ./nptl/pthread_mutex_lock.c
179	in ./nptl/pthread_mutex_lock.c
182	in ./nptl/pthread_mutex_lock.c
184	in ./nptl/pthread_mutex_lock.c
187	in ./nptl/pthread_mutex_lock.c
189	in ./nptl/pthread_mutex_lock.c
0x00007ffff7ca0148	190	in ./nptl/pthread_mutex_lock.c
0x00007ffff7ca014c	190	in ./nptl/pthread_mutex_lock.c
0x00007ffff7ca014d	190	in ./nptl/pthread_mutex_lock.c
0x00000000005fbc62 in ?? ()
0x00000000005fbc64 in ?? ()
0x00000000005fbc6a in ?? ()
0x00000000005fbc71 in ?? ()
0x00000000005fbc75 in ?? ()
0x00000000005fbc78 in ?? ()
0x00000000005fbc7e in ?? ()
0x00000000005fbc82 in ?? ()
0x0000000000420470 in pthread_cond_signal@plt ()
___pthread_cond_signal (cond=0xb492b0 <_PyRuntime+77552>) at ./nptl/pthread_cond_signal.c:35
36	in ./nptl/pthread_cond_signal.c
0x00007ffff7c9b0a5	36	in ./nptl/pthread_cond_signal.c
0x00007ffff7c9b0a8	36	in ./nptl/pthread_cond_signal.c
0x00007ffff7c9b0aa	36	in ./nptl/pthread_cond_signal.c
0x00007ffff7c9b0ac	36	in ./nptl/pthread_cond_signal.c
0x00007ffff7c9b0ae	36	in ./nptl/pthread_cond_signal.c
0x00007ffff7c9b0b0	36	in ./nptl/pthread_cond_signal.c
0x00007ffff7c9b0b1	36	in ./nptl/pthread_cond_signal.c
0x00007ffff7c9b0b5	36	in ./nptl/pthread_cond_signal.c
41	in ./nptl/pthread_cond_signal.c
42	in ./nptl/pthread_cond_signal.c
0x00007ffff7c9b0bb	42	in ./nptl/pthread_cond_signal.c
0x00007ffff7c9b0be	42	in ./nptl/pthread_cond_signal.c
0x00007ffff7c9b15b	96	in ./nptl/pthread_cond_signal.c
0x00007ffff7c9b15f	96	in ./nptl/pthread_cond_signal.c
0x00007ffff7c9b161	96	in ./nptl/pthread_cond_signal.c
0x00007ffff7c9b162	96	in ./nptl/pthread_cond_signal.c
0x00007ffff7c9b164	96	in ./nptl/pthread_cond_signal.c
0x00007ffff7c9b166	96	in ./nptl/pthread_cond_signal.c
0x00007ffff7c9b168	96	in ./nptl/pthread_cond_signal.c
0x00007ffff7c9b16a	96	in ./nptl/pthread_cond_signal.c
0x00007ffff7c9b16b	96	in ./nptl/pthread_cond_signal.c
0x00000000005fbc87 in ?? ()
0x00000000005fbc89 in ?? ()
0x00000000005fbc8f in ?? ()
0x00000000005fbc93 in ?? ()
0x0000000000421db0 in pthread_mutex_unlock@plt ()
___pthread_mutex_unlock (mutex=0xb492e0 <_PyRuntime+77600>) at ./nptl/pthread_mutex_unlock.c:367
__GI___pthread_mutex_unlock_usercnt (decr=1, mutex=0xb492e0 <_PyRuntime+77600>) at ./nptl/pthread_mutex_unlock.c:51
51	in ./nptl/pthread_mutex_unlock.c
0x00007ffff7ca1b57	51	in ./nptl/pthread_mutex_unlock.c
0x00007ffff7ca1b59	51	in ./nptl/pthread_mutex_unlock.c
52	in ./nptl/pthread_mutex_unlock.c
0x00007ffff7ca1b61	52	in ./nptl/pthread_mutex_unlock.c
___pthread_mutex_unlock (mutex=0xb492e0 <_PyRuntime+77600>) at ./nptl/pthread_mutex_unlock.c:57
57	in ./nptl/pthread_mutex_unlock.c
0x00007ffff7ca1b64	57	in ./nptl/pthread_mutex_unlock.c
0x00007ffff7ca1b67	57	in ./nptl/pthread_mutex_unlock.c
0x00007ffff7ca1b6b in __GI___pthread_mutex_unlock_usercnt (decr=1, mutex=0xb492e0 <_PyRuntime+77600>) at ./nptl/pthread_mutex_unlock.c:57
57	in ./nptl/pthread_mutex_unlock.c
0x00007ffff7ca1b6d	57	in ./nptl/pthread_mutex_unlock.c
62	in ./nptl/pthread_mutex_unlock.c
0x00007ffff7ca1b73	62	in ./nptl/pthread_mutex_unlock.c
lll_mutex_unlock_optimized (mutex=0xb492e0 <_PyRuntime+77600>) at ./nptl/pthread_mutex_unlock.c:39
39	in ./nptl/pthread_mutex_unlock.c
40	in ./nptl/pthread_mutex_unlock.c
0x00007ffff7ca1b83	40	in ./nptl/pthread_mutex_unlock.c
0x00007ffff7ca1b85	40	in ./nptl/pthread_mutex_unlock.c
0x00007ffff7ca1b8c	40	in ./nptl/pthread_mutex_unlock.c
43	in ./nptl/pthread_mutex_unlock.c
0x00007ffff7ca1ba2	43	in ./nptl/pthread_mutex_unlock.c
0x00007ffff7ca1ba4	43	in ./nptl/pthread_mutex_unlock.c
0x00007ffff7ca1ba7	43	in ./nptl/pthread_mutex_unlock.c
__GI___pthread_mutex_unlock_usercnt (decr=1, mutex=<optimized out>) at ./nptl/pthread_mutex_unlock.c:70
70	in ./nptl/pthread_mutex_unlock.c
72	in ./nptl/pthread_mutex_unlock.c
0x00007ffff7ca1b97 in ___pthread_mutex_unlock (mutex=<optimized out>) at ./nptl/pthread_mutex_unlock.c:369
369	in ./nptl/pthread_mutex_unlock.c
0x00007ffff7ca1b98	369	in ./nptl/pthread_mutex_unlock.c
0x00000000005fbc98 in ?? ()
0x00000000005fbc9a in ?? ()
0x00000000005fbca0 in ?? ()
0x00000000005fbca3 in ?? ()
0x0000000000608330 in ?? ()
0x0000000000608334 in ?? ()
0x0000000000608335 in ?? ()
0x0000000000608338 in ?? ()
0x0000000000608339 in ?? ()
0x000000000060833d in ?? ()
0x0000000000608344 in ?? ()
0x000000000060834b in ?? ()
0x000000000060834e in ?? ()
0x0000000000608350 in ?? ()
0x0000000000608354 in ?? ()
0x0000000000608358 in ?? ()
0x000000000060835f in ?? ()
0x0000000000608362 in ?? ()
0x0000000000608364 in ?? ()
0x0000000000608367 in ?? ()
0x000000000060836d in ?? ()
0x000000000060836f in ?? ()
0x0000000000608373 in ?? ()
0x0000000000608374 in ?? ()
0x00000000005fbca8 in ?? ()
0x00000000005fbcaa in ?? ()
0x00000000005fbcac in ?? ()
0x00000000005fbcb2 in ?? ()
0x00000000005fbcba in ?? ()
0x00000000005fbcbc in ?? ()
0x00000000005fbcc2 in ?? ()
0x00000000005fbcca in ?? ()
0x00000000005fbcd0 in ?? ()
0x00000000005fbcd2 in ?? ()
0x00000000005fbcd8 in ?? ()
0x00000000005fbcdb in ?? ()
0x00000000005fbce3 in ?? ()
0x00000000005fbce6 in ?? ()
0x0000000000610060 in PyThread_get_thread_ident ()
0x0000000000610064 in PyThread_get_thread_ident ()
0x0000000000610065 in PyThread_get_thread_ident ()
0x0000000000610068 in PyThread_get_thread_ident ()
0x000000000061006c in PyThread_get_thread_ident ()
0x0000000000610072 in PyThread_get_thread_ident ()
0x0000000000610074 in PyThread_get_thread_ident ()
0x000000000061007a in PyThread_get_thread_ident ()
0x0000000000420ef0 in pthread_self@plt ()
__GI___pthread_self () at ./nptl/pthread_self.c:23
24	in ./nptl/pthread_self.c
0x00007ffff7ca37bd	24	in ./nptl/pthread_self.c
0x000000000061007f in PyThread_get_thread_ident ()
0x0000000000610083 in PyThread_get_thread_ident ()
0x0000000000610087 in PyThread_get_thread_ident ()
0x0000000000610088 in PyThread_get_thread_ident ()
0x00000000005fbceb in ?? ()
0x00000000005fbcf2 in ?? ()
0x00000000005fbcf5 in ?? ()
0x00000000005fbcfb in ?? ()
0x00000000005fbd02 in ?? ()
0x00000000005fbd08 in ?? ()
0x00000000005fbd0e in ?? ()
0x00000000005fbd16 in ?? ()
0x00000000005fbd19 in ?? ()
0x00000000005fbd1b in ?? ()
0x00000000005fbd1d in ?? ()
0x00000000005fbd1f in ?? ()
0x00000000005fbd22 in ?? ()
0x00000000005fbd25 in ?? ()
0x00000000005fbd27 in ?? ()
0x00000000005fbd2f in ?? ()
0x00000000005fbd31 in ?? ()
0x00000000005fbd39 in ?? ()
0x00000000005fbd41 in ?? ()
0x00000000005fbd47 in ?? ()
0x00000000005fbd4a in ?? ()
0x0000000000421db0 in pthread_mutex_unlock@plt ()
___pthread_mutex_unlock (mutex=0xb49288 <_PyRuntime+77512>) at ./nptl/pthread_mutex_unlock.c:367
__GI___pthread_mutex_unlock_usercnt (decr=1, mutex=0xb49288 <_PyRuntime+77512>) at ./nptl/pthread_mutex_unlock.c:51
51	in ./nptl/pthread_mutex_unlock.c
0x00007ffff7ca1b57	51	in ./nptl/pthread_mutex_unlock.c
0x00007ffff7ca1b59	51	in ./nptl/pthread_mutex_unlock.c
52	in ./nptl/pthread_mutex_unlock.c
0x00007ffff7ca1b61	52	in ./nptl/pthread_mutex_unlock.c
___pthread_mutex_unlock (mutex=0xb49288 <_PyRuntime+77512>) at ./nptl/pthread_mutex_unlock.c:57
57	in ./nptl/pthread_mutex_unlock.c
0x00007ffff7ca1b64	57	in ./nptl/pthread_mutex_unlock.c
0x00007ffff7ca1b67	57	in ./nptl/pthread_mutex_unlock.c
0x00007ffff7ca1b6b in __GI___pthread_mutex_unlock_usercnt (decr=1, mutex=0xb49288 <_PyRuntime+77512>) at ./nptl/pthread_mutex_unlock.c:57
57	in ./nptl/pthread_mutex_unlock.c
0x00007ffff7ca1b6d	57	in ./nptl/pthread_mutex_unlock.c
62	in ./nptl/pthread_mutex_unlock.c
0x00007ffff7ca1b73	62	in ./nptl/pthread_mutex_unlock.c
lll_mutex_unlock_optimized (mutex=0xb49288 <_PyRuntime+77512>) at ./nptl/pthread_mutex_unlock.c:39
39	in ./nptl/pthread_mutex_unlock.c
40	in ./nptl/pthread_mutex_unlock.c
0x00007ffff7ca1b83	40	in ./nptl/pthread_mutex_unlock.c
0x00007ffff7ca1b85	40	in ./nptl/pthread_mutex_unlock.c
0x00007ffff7ca1b8c	40	in ./nptl/pthread_mutex_unlock.c
43	in ./nptl/pthread_mutex_unlock.c
0x00007ffff7ca1ba2	43	in ./nptl/pthread_mutex_unlock.c
0x00007ffff7ca1ba4	43	in ./nptl/pthread_mutex_unlock.c
0x00007ffff7ca1ba7	43	in ./nptl/pthread_mutex_unlock.c
__GI___pthread_mutex_unlock_usercnt (decr=1, mutex=<optimized out>) at ./nptl/pthread_mutex_unlock.c:70
70	in ./nptl/pthread_mutex_unlock.c
72	in ./nptl/pthread_mutex_unlock.c
0x00007ffff7ca1b97 in ___pthread_mutex_unlock (mutex=<optimized out>) at ./nptl/pthread_mutex_unlock.c:369
369	in ./nptl/pthread_mutex_unlock.c
0x00007ffff7ca1b98	369	in ./nptl/pthread_mutex_unlock.c
0x00000000005fbd4f in ?? ()
0x00000000005fbd51 in ?? ()
0x00000000005fbd57 in ?? ()
0x00000000005fbd5a in ?? ()
0x00000000005fbd5d in ?? ()
0x00000000005fbd61 in ?? ()
0x00000000005fbd62 in ?? ()
0x00000000005fbd64 in ?? ()
0x00000000005fbd66 in ?? ()
0x00000000005fbd68 in ?? ()
0x00000000005fbd6a in ?? ()
0x00000000005fbd6b in ?? ()
0x00000000005fc4de in PyEval_RestoreThread ()
0x00000000005fc4e1 in PyEval_RestoreThread ()
0x00000000005fc4e5 in PyEval_RestoreThread ()
0x00000000005fc4e6 in PyEval_RestoreThread ()
0x00000000006082c0 in ?? ()
0x00000000006082c4 in ?? ()
0x00000000006082cd in ?? ()
0x00000000006082da in ?? ()
0x00000000006082dd in ?? ()
0x00000000006082e3 in ?? ()
0x00000000006082e6 in ?? ()
0x00000000006082e8 in ?? ()
0x00000000006082f1 in ?? ()
0x00000000006082f5 in ?? ()
0x00000000006082f8 in ?? ()
0x00000000006082fa in ?? ()
0x00000000006082fd in ?? ()
0x0000000000608300 in ?? ()
0x00000000006b2be6 in PyGILState_Ensure ()
0x00000000006b2be9 in PyGILState_Ensure ()
0x00000000006b2beb in PyGILState_Ensure ()
0x00000000006b2bd3 in PyGILState_Ensure ()
0x00000000006b2bd7 in PyGILState_Ensure ()
0x00000000006b2bda in PyGILState_Ensure ()
0x00000000006b2bdb in PyGILState_Ensure ()
0x00000000006b2bdc in PyGILState_Ensure ()
0x00000000006b2bdd in PyGILState_Ensure ()
0x00007fffae7b3628 in __Pyx_ErrOccurredWithGIL () at src/gala/integrate/cyintegrators/leapfrog.cpp:30419
30420	in src/gala/integrate/cyintegrators/leapfrog.cpp
0x00007fffae788890 in PyErr_Occurred@plt () from /home/otherside123/venvs/gate2c1-trace/lib/python3.12/site-packages/gala/integrate/cyintegrators/leapfrog.cpython-312-x86_64-linux-gnu.so
0x00000000005f1620 in PyErr_Occurred ()
0x00000000005f1624 in PyErr_Occurred ()
0x00000000005f162b in PyErr_Occurred ()
0x00000000005f162f in PyErr_Occurred ()
0x00000000005f1633 in PyErr_Occurred ()
0x00000000005f1636 in PyErr_Occurred ()
0x00000000005f1638 in PyErr_Occurred ()
0x00007fffae7b3630 in __Pyx_ErrOccurredWithGIL () at src/gala/integrate/cyintegrators/leapfrog.cpp:30421
30421	in src/gala/integrate/cyintegrators/leapfrog.cpp
0x00007fffae7b3633	30420	in src/gala/integrate/cyintegrators/leapfrog.cpp
30421	in src/gala/integrate/cyintegrators/leapfrog.cpp
0x00007fffae7886e0 in PyGILState_Release@plt () from /home/otherside123/venvs/gate2c1-trace/lib/python3.12/site-packages/gala/integrate/cyintegrators/leapfrog.cpython-312-x86_64-linux-gnu.so
0x00000000006b2bf0 in PyGILState_Release ()
0x00000000006b2bf4 in PyGILState_Release ()
0x00000000006b2bf5 in PyGILState_Release ()
0x00000000006b2bf8 in PyGILState_Release ()
0x00000000006b2bf9 in PyGILState_Release ()
0x00000000006b2bfb in PyGILState_Release ()
0x00000000006b2c00 in PyGILState_Release ()
0x00000000006b2c04 in PyGILState_Release ()
0x00000000006104e0 in PyThread_tss_get ()
0x00000000006104e4 in PyThread_tss_get ()
0x00000000006104e7 in PyThread_tss_get ()
0x0000000000421760 in pthread_getspecific@plt ()
___pthread_getspecific (key=0) at ./nptl/pthread_getspecific.c:24
29	in ./nptl/pthread_getspecific.c
0x00007ffff7c9e697	29	in ./nptl/pthread_getspecific.c
30	in ./nptl/pthread_getspecific.c
0x00007ffff7c9e69b	30	in ./nptl/pthread_getspecific.c
0x00007ffff7c9e69f	30	in ./nptl/pthread_getspecific.c
0x00007ffff7c9e6a3	30	in ./nptl/pthread_getspecific.c
54	in ./nptl/pthread_getspecific.c
55	in ./nptl/pthread_getspecific.c
0x00007ffff7c9e6b3	55	in ./nptl/pthread_getspecific.c
59	in ./nptl/pthread_getspecific.c
0x00007ffff7c9e6b7	59	in ./nptl/pthread_getspecific.c
0x00007ffff7c9e6be	59	in ./nptl/pthread_getspecific.c
0x00007ffff7c9e6c1	59	in ./nptl/pthread_getspecific.c
0x00007ffff7c9e6c5	59	in ./nptl/pthread_getspecific.c
0x00007ffff7c9e6c9	59	in ./nptl/pthread_getspecific.c
0x00007ffff7c9e6cb	64	in ./nptl/pthread_getspecific.c
0x00007ffff7c9e6ce	64	in ./nptl/pthread_getspecific.c
0x00000000006b2c09 in PyGILState_Release ()
0x00000000006b2c0c in PyGILState_Release ()
0x00000000006b2c12 in PyGILState_Release ()
0x00000000006b2c1b in PyGILState_Release ()
0x00000000006b2c21 in PyGILState_Release ()
0x00000000006b2c25 in PyGILState_Release ()
0x00000000006b2c2b in PyGILState_Release ()
0x00000000006b2c2e in PyGILState_Release ()
0x00000000006b2c37 in PyGILState_Release ()
0x00000000006b2c3b in PyGILState_Release ()
0x00000000006b2c3c in PyGILState_Release ()
0x00000000006b2c3d in PyGILState_Release ()
0x00000000005fc060 in PyEval_SaveThread ()
0x00000000005fc064 in PyEval_SaveThread ()
0x00000000005fc065 in PyEval_SaveThread ()
0x00000000005fc067 in PyEval_SaveThread ()
0x00000000005fc06a in PyEval_SaveThread ()
0x00000000005fc06c in PyEval_SaveThread ()
0x00000000005fc06e in PyEval_SaveThread ()
0x00000000005fc070 in PyEval_SaveThread ()
0x00000000005fc071 in PyEval_SaveThread ()
0x00000000006082c0 in ?? ()
0x00000000006082c4 in ?? ()
0x00000000006082cd in ?? ()
0x00000000006082da in ?? ()
0x00000000006082dd in ?? ()
0x00000000006082df in ?? ()
0x00000000006082e3 in ?? ()
0x00000000006082e6 in ?? ()
0x0000000000608308 in ?? ()
0x00000000005fc076 in PyEval_SaveThread ()
0x00000000005fc079 in PyEval_SaveThread ()
0x00000000005fc07f in PyEval_SaveThread ()
0x00000000005fc083 in PyEval_SaveThread ()
0x00000000005fc086 in PyEval_SaveThread ()
0x00000000005fc08d in PyEval_SaveThread ()
0x00000000005fc092 in PyEval_SaveThread ()
0x00000000005fc094 in PyEval_SaveThread ()
0x00000000005fc09a in PyEval_SaveThread ()
0x00000000005fc09f in PyEval_SaveThread ()
0x00000000005fc0a4 in PyEval_SaveThread ()
0x00000000005fc0a7 in PyEval_SaveThread ()
0x0000000000421c00 in pthread_mutex_lock@plt ()
___pthread_mutex_lock (mutex=0xb49288 <_PyRuntime+77512>) at ./nptl/pthread_mutex_lock.c:77
80	in ./nptl/pthread_mutex_lock.c
0x00007ffff7ca00d7	80	in ./nptl/pthread_mutex_lock.c
0x00007ffff7ca00d9	80	in ./nptl/pthread_mutex_lock.c
82	in ./nptl/pthread_mutex_lock.c
84	in ./nptl/pthread_mutex_lock.c
0x00007ffff7ca00e3	84	in ./nptl/pthread_mutex_lock.c
88	in ./nptl/pthread_mutex_lock.c
0x00007ffff7ca00ea	88	in ./nptl/pthread_mutex_lock.c
0x00007ffff7ca00ed	88	in ./nptl/pthread_mutex_lock.c
0x00007ffff7ca00ee	88	in ./nptl/pthread_mutex_lock.c
0x00007ffff7ca00f2	88	in ./nptl/pthread_mutex_lock.c
0x00007ffff7ca00f4	88	in ./nptl/pthread_mutex_lock.c
90	in ./nptl/pthread_mutex_lock.c
0x00007ffff7ca0101	90	in ./nptl/pthread_mutex_lock.c
0x00007ffff7ca0104	90	in ./nptl/pthread_mutex_lock.c
lll_mutex_lock_optimized (mutex=0xb49288 <_PyRuntime+77512>) at ./nptl/pthread_mutex_lock.c:44
44	in ./nptl/pthread_mutex_lock.c
45	in ./nptl/pthread_mutex_lock.c
0x00007ffff7ca010f	45	in ./nptl/pthread_mutex_lock.c
0x00007ffff7ca0111	45	in ./nptl/pthread_mutex_lock.c
0x00007ffff7ca0118	45	in ./nptl/pthread_mutex_lock.c
48	in ./nptl/pthread_mutex_lock.c
0x00007ffff7ca011c	48	in ./nptl/pthread_mutex_lock.c
0x00007ffff7ca0121	48	in ./nptl/pthread_mutex_lock.c
0x00007ffff7ca0125	48	in ./nptl/pthread_mutex_lock.c
___pthread_mutex_lock (mutex=<optimized out>) at ./nptl/pthread_mutex_lock.c:94
94	in ./nptl/pthread_mutex_lock.c
0x00007ffff7ca012e	94	in ./nptl/pthread_mutex_lock.c
0x00007ffff7ca0130	94	in ./nptl/pthread_mutex_lock.c
179	in ./nptl/pthread_mutex_lock.c
182	in ./nptl/pthread_mutex_lock.c
184	in ./nptl/pthread_mutex_lock.c
187	in ./nptl/pthread_mutex_lock.c
189	in ./nptl/pthread_mutex_lock.c
0x00007ffff7ca0148	190	in ./nptl/pthread_mutex_lock.c
0x00007ffff7ca014c	190	in ./nptl/pthread_mutex_lock.c
0x00007ffff7ca014d	190	in ./nptl/pthread_mutex_lock.c
0x00000000005fc0ac in PyEval_SaveThread ()
0x00000000005fc0ae in PyEval_SaveThread ()
0x00000000005fc0b4 in PyEval_SaveThread ()
0x00000000005fc0bd in PyEval_SaveThread ()
0x00000000005fc0c2 in PyEval_SaveThread ()
0x0000000000420470 in pthread_cond_signal@plt ()
___pthread_cond_signal (cond=0xb49258 <_PyRuntime+77464>) at ./nptl/pthread_cond_signal.c:35
36	in ./nptl/pthread_cond_signal.c
0x00007ffff7c9b0a5	36	in ./nptl/pthread_cond_signal.c
0x00007ffff7c9b0a8	36	in ./nptl/pthread_cond_signal.c
0x00007ffff7c9b0aa	36	in ./nptl/pthread_cond_signal.c
0x00007ffff7c9b0ac	36	in ./nptl/pthread_cond_signal.c
0x00007ffff7c9b0ae	36	in ./nptl/pthread_cond_signal.c
0x00007ffff7c9b0b0	36	in ./nptl/pthread_cond_signal.c
0x00007ffff7c9b0b1	36	in ./nptl/pthread_cond_signal.c
0x00007ffff7c9b0b5	36	in ./nptl/pthread_cond_signal.c
41	in ./nptl/pthread_cond_signal.c
42	in ./nptl/pthread_cond_signal.c
0x00007ffff7c9b0bb	42	in ./nptl/pthread_cond_signal.c
0x00007ffff7c9b0be	42	in ./nptl/pthread_cond_signal.c
0x00007ffff7c9b15b	96	in ./nptl/pthread_cond_signal.c
0x00007ffff7c9b15f	96	in ./nptl/pthread_cond_signal.c
0x00007ffff7c9b161	96	in ./nptl/pthread_cond_signal.c
0x00007ffff7c9b162	96	in ./nptl/pthread_cond_signal.c
0x00007ffff7c9b164	96	in ./nptl/pthread_cond_signal.c
0x00007ffff7c9b166	96	in ./nptl/pthread_cond_signal.c
0x00007ffff7c9b168	96	in ./nptl/pthread_cond_signal.c
0x00007ffff7c9b16a	96	in ./nptl/pthread_cond_signal.c
0x00007ffff7c9b16b	96	in ./nptl/pthread_cond_signal.c
0x00000000005fc0c7 in PyEval_SaveThread ()
0x00000000005fc0c9 in PyEval_SaveThread ()
0x00000000005fc0cf in PyEval_SaveThread ()
0x00000000005fc0d2 in PyEval_SaveThread ()
0x0000000000421db0 in pthread_mutex_unlock@plt ()
___pthread_mutex_unlock (mutex=0xb49288 <_PyRuntime+77512>) at ./nptl/pthread_mutex_unlock.c:367
__GI___pthread_mutex_unlock_usercnt (decr=1, mutex=0xb49288 <_PyRuntime+77512>) at ./nptl/pthread_mutex_unlock.c:51
51	in ./nptl/pthread_mutex_unlock.c
0x00007ffff7ca1b57	51	in ./nptl/pthread_mutex_unlock.c
0x00007ffff7ca1b59	51	in ./nptl/pthread_mutex_unlock.c
52	in ./nptl/pthread_mutex_unlock.c
0x00007ffff7ca1b61	52	in ./nptl/pthread_mutex_unlock.c
___pthread_mutex_unlock (mutex=0xb49288 <_PyRuntime+77512>) at ./nptl/pthread_mutex_unlock.c:57
57	in ./nptl/pthread_mutex_unlock.c
0x00007ffff7ca1b64	57	in ./nptl/pthread_mutex_unlock.c
0x00007ffff7ca1b67	57	in ./nptl/pthread_mutex_unlock.c
0x00007ffff7ca1b6b in __GI___pthread_mutex_unlock_usercnt (decr=1, mutex=0xb49288 <_PyRuntime+77512>) at ./nptl/pthread_mutex_unlock.c:57
57	in ./nptl/pthread_mutex_unlock.c
0x00007ffff7ca1b6d	57	in ./nptl/pthread_mutex_unlock.c
62	in ./nptl/pthread_mutex_unlock.c
0x00007ffff7ca1b73	62	in ./nptl/pthread_mutex_unlock.c
lll_mutex_unlock_optimized (mutex=0xb49288 <_PyRuntime+77512>) at ./nptl/pthread_mutex_unlock.c:39
39	in ./nptl/pthread_mutex_unlock.c
40	in ./nptl/pthread_mutex_unlock.c
0x00007ffff7ca1b83	40	in ./nptl/pthread_mutex_unlock.c
0x00007ffff7ca1b85	40	in ./nptl/pthread_mutex_unlock.c
0x00007ffff7ca1b8c	40	in ./nptl/pthread_mutex_unlock.c
43	in ./nptl/pthread_mutex_unlock.c
0x00007ffff7ca1ba2	43	in ./nptl/pthread_mutex_unlock.c
0x00007ffff7ca1ba4	43	in ./nptl/pthread_mutex_unlock.c
0x00007ffff7ca1ba7	43	in ./nptl/pthread_mutex_unlock.c
__GI___pthread_mutex_unlock_usercnt (decr=1, mutex=<optimized out>) at ./nptl/pthread_mutex_unlock.c:70
70	in ./nptl/pthread_mutex_unlock.c
72	in ./nptl/pthread_mutex_unlock.c
0x00007ffff7ca1b97 in ___pthread_mutex_unlock (mutex=<optimized out>) at ./nptl/pthread_mutex_unlock.c:369
369	in ./nptl/pthread_mutex_unlock.c
0x00007ffff7ca1b98	369	in ./nptl/pthread_mutex_unlock.c
0x00000000005fc0d7 in PyEval_SaveThread ()
0x00000000005fc0d9 in PyEval_SaveThread ()
0x00000000005fc0df in PyEval_SaveThread ()
0x00000000005fc0e6 in PyEval_SaveThread ()
0x00000000005fc0e8 in PyEval_SaveThread ()
0x00000000005fc0ea in PyEval_SaveThread ()
0x00000000005fc0ed in PyEval_SaveThread ()
0x00000000005fc0ee in PyEval_SaveThread ()
0x00000000005fc0f0 in PyEval_SaveThread ()
0x00000000005fc0f2 in PyEval_SaveThread ()
0x00000000005fc0f4 in PyEval_SaveThread ()
0x00000000005fc0f5 in PyEval_SaveThread ()
__pyx_f_4gala_9integrate_13cyintegrators_8leapfrog_leapfrog_integrate_hamiltonian (__pyx_skip_dispatch=1, __pyx_v_hamiltonian=<optimized out>, __pyx_v_w0=..., __pyx_v_t=..., __pyx_optional_args=<synthetic pointer>) at src/gala/integrate/cyintegrators/leapfrog.cpp:30422
0x00007fffae7b363e	30422	in src/gala/integrate/cyintegrators/leapfrog.cpp
21964	in src/gala/integrate/cyintegrators/leapfrog.cpp
0x00007fffae7b3648	21964	in src/gala/integrate/cyintegrators/leapfrog.cpp
0x00007fffae7b364a	21964	in src/gala/integrate/cyintegrators/leapfrog.cpp
21978	in src/gala/integrate/cyintegrators/leapfrog.cpp
0x00007fffae7b4d07	21978	in src/gala/integrate/cyintegrators/leapfrog.cpp
0x00007fffae7b4d09	21978	in src/gala/integrate/cyintegrators/leapfrog.cpp
0x00007fffae7b4d0f	21978	in src/gala/integrate/cyintegrators/leapfrog.cpp
0x00007fffae7b4d17	21978	in src/gala/integrate/cyintegrators/leapfrog.cpp
0x00007fffae7b4d1f	21978	in src/gala/integrate/cyintegrators/leapfrog.cpp
0x00007fffae7b4d22	21978	in src/gala/integrate/cyintegrators/leapfrog.cpp
0x00007fffae7b4d24	21978	in src/gala/integrate/cyintegrators/leapfrog.cpp
0x00007fffae7b4d28	21978	in src/gala/integrate/cyintegrators/leapfrog.cpp
21992	in src/gala/integrate/cyintegrators/leapfrog.cpp
0x00007fffae7b4d32	21992	in src/gala/integrate/cyintegrators/leapfrog.cpp
0x00007fffae7b4d34	21992	in src/gala/integrate/cyintegrators/leapfrog.cpp
0x00007fffae7b4d3a	21992	in src/gala/integrate/cyintegrators/leapfrog.cpp
0x00007fffae7b4d3c	21992	in src/gala/integrate/cyintegrators/leapfrog.cpp
0x00007fffae7b4d3f	21992	in src/gala/integrate/cyintegrators/leapfrog.cpp
0x00007fffae7b4d47	21992	in src/gala/integrate/cyintegrators/leapfrog.cpp
0x00007fffae7b4d49	21992	in src/gala/integrate/cyintegrators/leapfrog.cpp
0x00007fffae7b4d4d	21992	in src/gala/integrate/cyintegrators/leapfrog.cpp
0x00007fffae7b4d51	21992	in src/gala/integrate/cyintegrators/leapfrog.cpp
0x00007fffae7b4d54	21992	in src/gala/integrate/cyintegrators/leapfrog.cpp
0x00007fffae7b4d5a	21992	in src/gala/integrate/cyintegrators/leapfrog.cpp
0x00007fffae7b4d5e	21992	in src/gala/integrate/cyintegrators/leapfrog.cpp
0x00007fffae7b53f2 in Py_DECREF (op=<optimized out>) at /opt/_internal/cpython-3.12.14/include/python3.12/object.h:705
0x00007fffae7b53f5 in __pyx_f_4gala_9integrate_13cyintegrators_8leapfrog_leapfrog_integrate_hamiltonian (__pyx_skip_dispatch=1, __pyx_v_hamiltonian=<optimized out>, __pyx_v_w0=..., __pyx_v_t=..., __pyx_optional_args=<synthetic pointer>) at src/gala/integrate/cyintegrators/leapfrog.cpp:21357
0x00007fffae7b53f7	21357	in src/gala/integrate/cyintegrators/leapfrog.cpp
22008	in src/gala/integrate/cyintegrators/leapfrog.cpp
0x00007fffae7b5405	22008	in src/gala/integrate/cyintegrators/leapfrog.cpp
0x00007fffae7b5408	22008	in src/gala/integrate/cyintegrators/leapfrog.cpp
21992	in src/gala/integrate/cyintegrators/leapfrog.cpp
0x00007fffae7b5411	21992	in src/gala/integrate/cyintegrators/leapfrog.cpp
0x00007fffae7b5414	21992	in src/gala/integrate/cyintegrators/leapfrog.cpp
0x00007fffae7b5416	21992	in src/gala/integrate/cyintegrators/leapfrog.cpp
21978	in src/gala/integrate/cyintegrators/leapfrog.cpp
0x00007fffae7b4db2	21978	in src/gala/integrate/cyintegrators/leapfrog.cpp
0x00007fffae7b4db6	21978	in src/gala/integrate/cyintegrators/leapfrog.cpp
0x00007fffae7b4db9	21978	in src/gala/integrate/cyintegrators/leapfrog.cpp
0x00007fffae7b4dc1	21978	in src/gala/integrate/cyintegrators/leapfrog.cpp
0x00007fffae7b4dc4	21978	in src/gala/integrate/cyintegrators/leapfrog.cpp
0x00007fffae7b4dcc	21978	in src/gala/integrate/cyintegrators/leapfrog.cpp
0x00007fffae7b4d51	21992	in src/gala/integrate/cyintegrators/leapfrog.cpp
0x00007fffae7b4d54	21992	in src/gala/integrate/cyintegrators/leapfrog.cpp
0x00007fffae7b4d5a	21992	in src/gala/integrate/cyintegrators/leapfrog.cpp
0x00007fffae7b4d5e	21992	in src/gala/integrate/cyintegrators/leapfrog.cpp
0x00007fffae7b53f2 in Py_DECREF (op=<optimized out>) at /opt/_internal/cpython-3.12.14/include/python3.12/object.h:705
0x00007fffae7b53f5 in __pyx_f_4gala_9integrate_13cyintegrators_8leapfrog_leapfrog_integrate_hamiltonian (__pyx_skip_dispatch=1, __pyx_v_hamiltonian=<optimized out>, __pyx_v_w0=..., __pyx_v_t=..., __pyx_optional_args=<synthetic pointer>) at src/gala/integrate/cyintegrators/leapfrog.cpp:21357
0x00007fffae7b53f7	21357	in src/gala/integrate/cyintegrators/leapfrog.cpp
22008	in src/gala/integrate/cyintegrators/leapfrog.cpp
0x00007fffae7b5405	22008	in src/gala/integrate/cyintegrators/leapfrog.cpp
0x00007fffae7b5408	22008	in src/gala/integrate/cyintegrators/leapfrog.cpp
21992	in src/gala/integrate/cyintegrators/leapfrog.cpp
0x00007fffae7b5411	21992	in src/gala/integrate/cyintegrators/leapfrog.cpp
0x00007fffae7b5414	21992	in src/gala/integrate/cyintegrators/leapfrog.cpp
0x00007fffae7b5416	21992	in src/gala/integrate/cyintegrators/leapfrog.cpp
21978	in src/gala/integrate/cyintegrators/leapfrog.cpp
0x00007fffae7b4db2	21978	in src/gala/integrate/cyintegrators/leapfrog.cpp
0x00007fffae7b4db6	21978	in src/gala/integrate/cyintegrators/leapfrog.cpp
0x00007fffae7b4db9	21978	in src/gala/integrate/cyintegrators/leapfrog.cpp
0x00007fffae7b4dc1	21978	in src/gala/integrate/cyintegrators/leapfrog.cpp
0x00007fffae7b4dc4	21978	in src/gala/integrate/cyintegrators/leapfrog.cpp
0x00007fffae7b4dcc	21978	in src/gala/integrate/cyintegrators/leapfrog.cpp
0x00007fffae7b4d51	21992	in src/gala/integrate/cyintegrators/leapfrog.cpp
0x00007fffae7b4d54	21992	in src/gala/integrate/cyintegrators/leapfrog.cpp
0x00007fffae7b4d5a	21992	in src/gala/integrate/cyintegrators/leapfrog.cpp
0x00007fffae7b4d5e	21992	in src/gala/integrate/cyintegrators/leapfrog.cpp
0x00007fffae7b53f2 in Py_DECREF (op=<optimized out>) at /opt/_internal/cpython-3.12.14/include/python3.12/object.h:705
0x00007fffae7b53f5 in __pyx_f_4gala_9integrate_13cyintegrators_8leapfrog_leapfrog_integrate_hamiltonian (__pyx_skip_dispatch=1, __pyx_v_hamiltonian=<optimized out>, __pyx_v_w0=..., __pyx_v_t=..., __pyx_optional_args=<synthetic pointer>) at src/gala/integrate/cyintegrators/leapfrog.cpp:21357
0x00007fffae7b53f7	21357	in src/gala/integrate/cyintegrators/leapfrog.cpp
22008	in src/gala/integrate/cyintegrators/leapfrog.cpp
0x00007fffae7b5405	22008	in src/gala/integrate/cyintegrators/leapfrog.cpp
0x00007fffae7b5408	22008	in src/gala/integrate/cyintegrators/leapfrog.cpp
21992	in src/gala/integrate/cyintegrators/leapfrog.cpp
0x00007fffae7b5411	21992	in src/gala/integrate/cyintegrators/leapfrog.cpp
0x00007fffae7b5414	21992	in src/gala/integrate/cyintegrators/leapfrog.cpp
0x00007fffae7b5416	21992	in src/gala/integrate/cyintegrators/leapfrog.cpp
21978	in src/gala/integrate/cyintegrators/leapfrog.cpp
0x00007fffae7b4db2	21978	in src/gala/integrate/cyintegrators/leapfrog.cpp
0x00007fffae7b4db6	21978	in src/gala/integrate/cyintegrators/leapfrog.cpp
0x00007fffae7b4db9	21978	in src/gala/integrate/cyintegrators/leapfrog.cpp
0x00007fffae7b4dc1	21978	in src/gala/integrate/cyintegrators/leapfrog.cpp
0x00007fffae7b4dc4	21978	in src/gala/integrate/cyintegrators/leapfrog.cpp
0x00007fffae7b4dcc	21978	in src/gala/integrate/cyintegrators/leapfrog.cpp
0x00007fffae7b4d51	21992	in src/gala/integrate/cyintegrators/leapfrog.cpp
0x00007fffae7b4d54	21992	in src/gala/integrate/cyintegrators/leapfrog.cpp
0x00007fffae7b4d5a	21992	in src/gala/integrate/cyintegrators/leapfrog.cpp
0x00007fffae7b4d5e	21992	in src/gala/integrate/cyintegrators/leapfrog.cpp
0x00007fffae7b53f2 in Py_DECREF (op=<optimized out>) at /opt/_internal/cpython-3.12.14/include/python3.12/object.h:705
0x00007fffae7b53f5 in __pyx_f_4gala_9integrate_13cyintegrators_8leapfrog_leapfrog_integrate_hamiltonian (__pyx_skip_dispatch=1, __pyx_v_hamiltonian=<optimized out>, __pyx_v_w0=..., __pyx_v_t=..., __pyx_optional_args=<synthetic pointer>) at src/gala/integrate/cyintegrators/leapfrog.cpp:21357
0x00007fffae7b53f7	21357	in src/gala/integrate/cyintegrators/leapfrog.cpp
22008	in src/gala/integrate/cyintegrators/leapfrog.cpp
0x00007fffae7b5405	22008	in src/gala/integrate/cyintegrators/leapfrog.cpp
0x00007fffae7b5408	22008	in src/gala/integrate/cyintegrators/leapfrog.cpp
21992	in src/gala/integrate/cyintegrators/leapfrog.cpp
0x00007fffae7b5411	21992	in src/gala/integrate/cyintegrators/leapfrog.cpp
0x00007fffae7b5414	21992	in src/gala/integrate/cyintegrators/leapfrog.cpp
0x00007fffae7b5416	21992	in src/gala/integrate/cyintegrators/leapfrog.cpp
21978	in src/gala/integrate/cyintegrators/leapfrog.cpp
0x00007fffae7b4db2	21978	in src/gala/integrate/cyintegrators/leapfrog.cpp
0x00007fffae7b4db6	21978	in src/gala/integrate/cyintegrators/leapfrog.cpp
0x00007fffae7b4db9	21978	in src/gala/integrate/cyintegrators/leapfrog.cpp
0x00007fffae7b4dc1	21978	in src/gala/integrate/cyintegrators/leapfrog.cpp
0x00007fffae7b4dc4	21978	in src/gala/integrate/cyintegrators/leapfrog.cpp
0x00007fffae7b4dcc	21978	in src/gala/integrate/cyintegrators/leapfrog.cpp
0x00007fffae7b4dd2	21978	in src/gala/integrate/cyintegrators/leapfrog.cpp
21882	in src/gala/integrate/cyintegrators/leapfrog.cpp
0x00007fffae7b3658	21882	in src/gala/integrate/cyintegrators/leapfrog.cpp
0x00007fffae7b365c	21882	in src/gala/integrate/cyintegrators/leapfrog.cpp
0x00007fffae7b3661	21882	in src/gala/integrate/cyintegrators/leapfrog.cpp
0x00007fffae7b3669	21882	in src/gala/integrate/cyintegrators/leapfrog.cpp
0x00007fffae7b366c	21882	in src/gala/integrate/cyintegrators/leapfrog.cpp
21898	in src/gala/integrate/cyintegrators/leapfrog.cpp
0x00007fffae7b35cb	21898	in src/gala/integrate/cyintegrators/leapfrog.cpp
0x00007fffae7b35cd	21899	in src/gala/integrate/cyintegrators/leapfrog.cpp
0x00007fffae7b35d5	21899	in src/gala/integrate/cyintegrators/leapfrog.cpp
0x00007fffae7b35da	21899	in src/gala/integrate/cyintegrators/leapfrog.cpp
0x00007fffae7b35dc	21899	in src/gala/integrate/cyintegrators/leapfrog.cpp
0x00007fffae788350 in memset@plt () from /home/otherside123/venvs/gate2c1-trace/lib/python3.12/site-packages/gala/integrate/cyintegrators/leapfrog.cpython-312-x86_64-linux-gnu.so
__memset_avx2_unaligned_erms () at ../sysdeps/x86_64/multiarch/memset-vec-unaligned-erms.S:158
159	in ../sysdeps/x86_64/multiarch/memset-vec-unaligned-erms.S
0x00007ffff7d89788	159	in ../sysdeps/x86_64/multiarch/memset-vec-unaligned-erms.S
164	in ../sysdeps/x86_64/multiarch/memset-vec-unaligned-erms.S
165	in ../sysdeps/x86_64/multiarch/memset-vec-unaligned-erms.S
337	in ../sysdeps/x86_64/multiarch/memset-vec-unaligned-erms.S
346	in ../sysdeps/x86_64/multiarch/memset-vec-unaligned-erms.S
347	in ../sysdeps/x86_64/multiarch/memset-vec-unaligned-erms.S
378	in ../sysdeps/x86_64/multiarch/memset-vec-unaligned-erms.S
379	in ../sysdeps/x86_64/multiarch/memset-vec-unaligned-erms.S
380	in ../sysdeps/x86_64/multiarch/memset-vec-unaligned-erms.S
__pyx_f_4gala_9integrate_13cyintegrators_8leapfrog_leapfrog_integrate_hamiltonian (__pyx_skip_dispatch=1, __pyx_v_hamiltonian=<optimized out>, __pyx_v_w0=..., __pyx_v_t=..., __pyx_optional_args=<synthetic pointer>) at src/gala/integrate/cyintegrators/leapfrog.cpp:21953
0x00007fffae7b35e5	21953	in src/gala/integrate/cyintegrators/leapfrog.cpp
0x00007fffae7b35eb	21953	in src/gala/integrate/cyintegrators/leapfrog.cpp
0x00007fffae7b35ee	21953	in src/gala/integrate/cyintegrators/leapfrog.cpp
0x00007fffae7b35f1	21953	in src/gala/integrate/cyintegrators/leapfrog.cpp
0x00007fffae7b35f5	21953	in src/gala/integrate/cyintegrators/leapfrog.cpp
0x00007fffae7b35fa	21953	in src/gala/integrate/cyintegrators/leapfrog.cpp
0x00007fffae7b3603	21953	in src/gala/integrate/cyintegrators/leapfrog.cpp
0x00007fffae7b360a	21953	in src/gala/integrate/cyintegrators/leapfrog.cpp
0x00007fffae7b3612	21953	in src/gala/integrate/cyintegrators/leapfrog.cpp
0x00007fffae7b361a	21953	in src/gala/integrate/cyintegrators/leapfrog.cpp
__pyx_f_4gala_9integrate_13cyintegrators_8leapfrog_c_leapfrog_step (__pyx_v_p=0x28543e0, __pyx_v_n=1, __pyx_v_half_ndim=2, __pyx_v_t=0.03125, __pyx_v_dt=0.015625, __pyx_v_x_jm1=0x2ebaed0, __pyx_v_v_jm1=0x2ebaee0, __pyx_v_v_jm1_2=0x2f34160, __pyx_v_grad=0x28e6420) at src/gala/integrate/cyintegrators/leapfrog.cpp:21212
21212	in src/gala/integrate/cyintegrators/leapfrog.cpp
