{
  "all_refused": true,
  "authoritative_fix2_normal_report_sha256": {
    "audited-attempt-05-readproof-01": "a3964850e39643fe2dd503883773a35952f1412b3e3e8f267487d0be6bc03f36",
    "fresh-closure-fresh-01-readproof-01": "50ae61b76b2b9efc38edb3d554b8cc7df30a1383345ee271b9c8fa223cb1c923"
  },
  "case_count": 41,
  "cases": [
    {
      "actual_input_hashes": {
        "input/transition.json": "a6ae0f6da91a98bc4c3121e94140282c8021f05115af37d8579200992e4b1110"
      },
      "code": "CARRY_BINDING",
      "declared_refusal_stage": "carry-binding",
      "input_kind": "TRANSITION_ONLY",
      "name": "component-bits-changed",
      "receipt_preflight": "PASSED",
      "receipt_sha256": "dbeaaec779e018cc3d55b110b6022efbe2c6cb7ec657ec7fd1ee8fe67e7a4706",
      "result_sha256": "b72a2c8058b06e9c00d526f1d9b125d580efafb6fa8f5128cd797cf4489e380f",
      "trust_mode": "TEST_ONLY_REPIN",
      "verdict": "REFUSED"
    },
    {
      "actual_input_hashes": {
        "input/transition.json": "f51f0b79e5c55109e4376606c683af66c43b5563539f0442837f97197018726c"
      },
      "code": "CARRY_BINDING",
      "declared_refusal_stage": "carry-binding",
      "input_kind": "TRANSITION_ONLY",
      "name": "same-bits-wrong-dynamic-id",
      "receipt_preflight": "PASSED",
      "receipt_sha256": "46486bcebedda94a0ac79b219c06e6046fb013f574297781229eb312aff4b817",
      "result_sha256": "0a7be791882d9c42e49b7138c62925b8ac9cc32bf7bd254a9c5bec4727c2cdd3",
      "trust_mode": "TEST_ONLY_REPIN",
      "verdict": "REFUSED"
    },
    {
      "actual_input_hashes": {
        "input/transition.json": "6bd63cc4e52953f3d64c9d9d15321d2e59074ac76d1bf50b80886098e25a30d4"
      },
      "code": "CARRY_SET",
      "declared_refusal_stage": "carry-binding",
      "input_kind": "TRANSITION_ONLY",
      "name": "component-swap",
      "receipt_preflight": "PASSED",
      "receipt_sha256": "7fefec14ce0f147d384ebd8ab642b2e6ab713b52dd75cff099b18e092f3463fe",
      "result_sha256": "22bc451413ba79b83d6082dce668ba194d6d4cfee5580348725af806e1667e2c",
      "trust_mode": "TEST_ONLY_REPIN",
      "verdict": "REFUSED"
    },
    {
      "actual_input_hashes": {
        "input/transition.json": "339e3fbe881ef28b37b52781f1edce2070f39dbb142128289a12ce0d1dc8e073"
      },
      "code": "CARRY_SET",
      "declared_refusal_stage": "carry-binding",
      "input_kind": "TRANSITION_ONLY",
      "name": "component-omission",
      "receipt_preflight": "PASSED",
      "receipt_sha256": "cecdfa0be80b8604fdb1ed3b06087c438df1ac34014399ad337ac55857e19254",
      "result_sha256": "9555a7e9ced33af6795f14973953f0409a297d71fd280bd0171299565eb343af",
      "trust_mode": "TEST_ONLY_REPIN",
      "verdict": "REFUSED"
    },
    {
      "actual_input_hashes": {
        "input/transition.json": "b0f8ae6edbb812040fa69860f91e033958f81b49a0fc8955ce6db789dcc2e1f8"
      },
      "code": "CARRY_SET",
      "declared_refusal_stage": "carry-binding",
      "input_kind": "TRANSITION_ONLY",
      "name": "component-duplication",
      "receipt_preflight": "PASSED",
      "receipt_sha256": "72989ba14920b661b3b041c8981081721c21456e9d3d13f1bc2aaf324d1e6b87",
      "result_sha256": "1b4c7763f7a7349e8b3e600475d5fee36a93c862b1fe3e018eafc7702f8098b6",
      "trust_mode": "TEST_ONLY_REPIN",
      "verdict": "REFUSED"
    },
    {
      "actual_input_hashes": {
        "input/transition.json": "fb25d7637a28bfc8d0c2cd0138c0041e3c8bf82878629fc5d5d709c6c0be4105"
      },
      "code": "CARRY_BINDING",
      "declared_refusal_stage": "carry-binding",
      "input_kind": "TRANSITION_ONLY",
      "name": "stale-previous-endpoint",
      "receipt_preflight": "PASSED",
      "receipt_sha256": "acaff8b273ca7d7a87c6735bac0c2609ef9d52e8d56f0c8298e45c3ed8e32d12",
      "result_sha256": "0a4f22dae3242348e62fbc505582352c5ebe444b230e696a9bcb0b5f2b9192a0",
      "trust_mode": "TEST_ONLY_REPIN",
      "verdict": "REFUSED"
    },
    {
      "actual_input_hashes": {
        "input/transition.json": "8cda22ca173dd8793bcb61f781ff00f1d5c0e1b75912cbb13a81eddd9230a6ee"
      },
      "code": "FORM_BINDING",
      "declared_refusal_stage": "form-binding",
      "input_kind": "TRANSITION_ONLY",
      "name": "changed-form-only",
      "receipt_preflight": "PASSED",
      "receipt_sha256": "0e6ef7185ab1cd5ef2f563cff5beacbda240ddd1ac1c180b01954674565f5d83",
      "result_sha256": "5bcd6ec5bc0e31361a43104da7e0fcdc3cd22af8e8f0c8cf7821846a02b1aab2",
      "trust_mode": "TEST_ONLY_REPIN",
      "verdict": "REFUSED"
    },
    {
      "actual_input_hashes": {
        "input/transition.json": "6e9bff9826d8a1429e1956127903c8f8f2de50e365193d17bfff3adb88f96347"
      },
      "code": "TIME_PROVENANCE",
      "declared_refusal_stage": "time-provenance",
      "input_kind": "TRANSITION_ONLY",
      "name": "wrong-time-provenance",
      "receipt_preflight": "PASSED",
      "receipt_sha256": "3370d4c3e0dd423bb980849a3a2099c4379cf6d78a9bcccad7cacbe6a4dccb84",
      "result_sha256": "7eaa7962b8f67fe24eb5bb1ca0a65a9fa5e0e81e325f40368a564bc61668b8ee",
      "trust_mode": "TEST_ONLY_REPIN",
      "verdict": "REFUSED"
    },
    {
      "actual_input_hashes": {
        "input/transition.json": "30e3a8aa353be5ed805d7d536a3bf1edef3a8dae4c96d06770f00ebc4950ccc0"
      },
      "code": "DT_PROVENANCE",
      "declared_refusal_stage": "dt-provenance",
      "input_kind": "TRANSITION_ONLY",
      "name": "wrong-dt-provenance",
      "receipt_preflight": "PASSED",
      "receipt_sha256": "9b91e7d4be4dfbcd6844abc7936337885a7f0ea50b79d6f768bb1b0cf3c8c03f",
      "result_sha256": "95533f869d8754ccddee7ef9dc70216c373569fd099407945fe1a5770c2edcb5",
      "trust_mode": "TEST_ONLY_REPIN",
      "verdict": "REFUSED"
    },
    {
      "actual_input_hashes": {
        "input/transition.json": "d23c4bdb9309e445c42939cdc0527a77383dd04df8d09d1239458672030884ad"
      },
      "code": "POINTER_IDENTITY",
      "declared_refusal_stage": "pointer-identity",
      "input_kind": "TRANSITION_ONLY",
      "name": "pointer-rebinding-receipt",
      "receipt_preflight": "PASSED",
      "receipt_sha256": "ba866e1c86700b937ac5c55918fd31699312fbaf8f7580e31a049bf1635076c9",
      "result_sha256": "a6740c73bcfebc56fe28b64eb2b96c0051b2d818d194548af17e5a91a27c6228",
      "trust_mode": "TEST_ONLY_REPIN",
      "verdict": "REFUSED"
    },
    {
      "actual_input_hashes": {
        "input/transition.json": "ce8dd390fa01c39cfdb393777daf36b790aa999feb107da461875f79a3b9acf0"
      },
      "code": "UNSUPPORTED_ANTECEDENT",
      "declared_refusal_stage": "antecedent-selection",
      "input_kind": "TRANSITION_ONLY",
      "name": "unknown-antecedent",
      "receipt_preflight": "NOT_REACHED",
      "receipt_sha256": "4eeb55837cbda7885a89aec8f2087ffef56e8effd7cf8af5390cd3dd66e23eb0",
      "result_sha256": "28e141328fafa9795b7a2fa7a95e472f02d61301950e65aeeb19a81f95351639",
      "trust_mode": "TEST_ONLY_REPIN",
      "verdict": "REFUSED"
    },
    {
      "actual_input_hashes": {
        "input/transition.json": "6e40b8f17b94af55342fd3bea2deb2288365aab59c6db48db8e717266362bf97"
      },
      "code": "ANTECEDENT_PIN",
      "declared_refusal_stage": "antecedent-pin",
      "input_kind": "TRANSITION_ONLY",
      "name": "antecedent-coherent-local-repin",
      "receipt_preflight": "PASSED",
      "receipt_sha256": "fc921352da6f9597e0ba102ab863038ca111b041fc2b124d6e677b488633fda7",
      "result_sha256": "4b0c98582b4f1ada9848aa7439aa9ff17a103473c5fb70dbc12208397ec9b2e9",
      "trust_mode": "TEST_ONLY_REPIN",
      "verdict": "REFUSED"
    },
    {
      "actual_input_hashes": {
        "input/raw/acquisition_seal.json": "677d96a92f64d8627203ee938a64888019fdbe5132030707e022e537bcb83e7b",
        "input/raw/caller_trace.jsonl": "aaa2ff16954d8de694ba3f88d4853264c60156043fc80e239c1124022f969b56",
        "input/raw/capture.json": "fdcb9f0aec32923c81bd1a740e7ad1c14b2334fe8753f597fd51e97026604af3",
        "input/raw/execution.json": "60f6de7bcd2e5fd8ef853372c1c8ade9e987bca6d64a9be7cd0dfe3a98f1befb",
        "input/raw/first_step_disassembly.txt": "e1f03c4dcdc20aabe2496152914e549deebebbd39f2b119fed2e6e96c9cb0ed1",
        "input/raw/gdb.log": "91317a0faee26f0e66e080eb40ef23e9c9b26242d98818eae2f20b49c4a59ea5",
        "input/raw/harness_diff.json": "b71b84d1cdec37eb31cc6aca9af5f3cde3d9cb0863143cf5ba9f0bd938140f29",
        "input/raw/module_pinset.json": "0ceaf7fbfdfaae5edce9b912f3bc1af4f38058f2b8dea1f74b0d33893eee4387",
        "input/raw/source_pinset.json": "9c074226e62ee7ddb44744ac20fed0fd08bb74b62230bbf988a162bf779bf1ae",
        "input/transition.json": "9fb267c495d471ec5dbcbf5244b33a0292fc51c5e09542f47170a5512fefdec1"
      },
      "code": "TRACE_CONTROL_TARGET",
      "declared_refusal_stage": "control-flow-semantics",
      "input_kind": "RAW_BUNDLE_AND_TRANSITION",
      "name": "dense-record-deletion",
      "receipt_preflight": "PASSED",
      "receipt_sha256": "c8d76261137a885f419375dc272233cc0b6218860554925a0b1513c74d8f7b87",
      "result_sha256": "529380c6312f90fc8bd110fd71376581399dc507db1eaebee99bd298b6df4472",
      "trust_mode": "TEST_ONLY_REPIN",
      "verdict": "REFUSED"
    },
    {
      "actual_input_hashes": {
        "input/raw/acquisition_seal.json": "57becd0708719f5b94210fb0bc6a9569fe1cced290628c1b1cda8b49740905d1",
        "input/raw/caller_trace.jsonl": "4552db9f6d83c1d71cb7564d8b1a95ee62b6e8f9dbfbe6c23f714cb2f550c6d8",
        "input/raw/capture.json": "6fb3e1669b80765ca239b7620080c029b898fcab8eab66fffa89859d53dc94fe",
        "input/raw/execution.json": "60f6de7bcd2e5fd8ef853372c1c8ade9e987bca6d64a9be7cd0dfe3a98f1befb",
        "input/raw/first_step_disassembly.txt": "e1f03c4dcdc20aabe2496152914e549deebebbd39f2b119fed2e6e96c9cb0ed1",
        "input/raw/gdb.log": "91317a0faee26f0e66e080eb40ef23e9c9b26242d98818eae2f20b49c4a59ea5",
        "input/raw/harness_diff.json": "b71b84d1cdec37eb31cc6aca9af5f3cde3d9cb0863143cf5ba9f0bd938140f29",
        "input/raw/module_pinset.json": "0ceaf7fbfdfaae5edce9b912f3bc1af4f38058f2b8dea1f74b0d33893eee4387",
        "input/raw/source_pinset.json": "9c074226e62ee7ddb44744ac20fed0fd08bb74b62230bbf988a162bf779bf1ae",
        "input/transition.json": "da52d1285ac40443cf8b28df39f4dc11ba7a9612b188a614d3ab45c1f111d32c"
      },
      "code": "TRACE_CONTROL_TARGET",
      "declared_refusal_stage": "control-flow-semantics",
      "input_kind": "RAW_BUNDLE_AND_TRANSITION",
      "name": "dense-record-reordering",
      "receipt_preflight": "PASSED",
      "receipt_sha256": "8de75be3599401a25415eadef1e1f23a84147e02051948f10c4d5cc2dbc948d4",
      "result_sha256": "56c9e7827196460a0051cf5a26e7fbea4e11ffe619703b4b40d3e862e305aedc",
      "trust_mode": "TEST_ONLY_REPIN",
      "verdict": "REFUSED"
    },
    {
      "actual_input_hashes": {
        "input/raw/acquisition_seal.json": "7fef1e359635453e4e7ee2554906123e35d903617b427611ca6efa95bc5e60af",
        "input/raw/caller_trace.jsonl": "fbd6170c1dccf828f78f9a8a87f0530d7b2848c215a008728e6021e015963848",
        "input/raw/capture.json": "840c61a98c0cc118761cf730996c7773dc0cc657b6377109e57f81c529cdf663",
        "input/raw/execution.json": "60f6de7bcd2e5fd8ef853372c1c8ade9e987bca6d64a9be7cd0dfe3a98f1befb",
        "input/raw/first_step_disassembly.txt": "e1f03c4dcdc20aabe2496152914e549deebebbd39f2b119fed2e6e96c9cb0ed1",
        "input/raw/gdb.log": "91317a0faee26f0e66e080eb40ef23e9c9b26242d98818eae2f20b49c4a59ea5",
        "input/raw/harness_diff.json": "b71b84d1cdec37eb31cc6aca9af5f3cde3d9cb0863143cf5ba9f0bd938140f29",
        "input/raw/module_pinset.json": "0ceaf7fbfdfaae5edce9b912f3bc1af4f38058f2b8dea1f74b0d33893eee4387",
        "input/raw/source_pinset.json": "9c074226e62ee7ddb44744ac20fed0fd08bb74b62230bbf988a162bf779bf1ae",
        "input/transition.json": "491014332f1cead7548fe530838f80232072fe5e1877df909cd909cbd6e86de1"
      },
      "code": "WRITE_SET",
      "declared_refusal_stage": "memory-write-semantics",
      "input_kind": "RAW_BUNDLE_AND_TRANSITION",
      "name": "semantic-write-alteration",
      "receipt_preflight": "PASSED",
      "receipt_sha256": "86397d31f40fcd28414016705ca3bed6388789b652f7fc4697f471abb22aa84c",
      "result_sha256": "cae53749522ae761d40934492160665992bcc1c9a8f169529cb015372f1b3d14",
      "trust_mode": "TEST_ONLY_REPIN",
      "verdict": "REFUSED"
    },
    {
      "actual_input_hashes": {
        "input/raw/acquisition_seal.json": "ade6b51357bfea4545c989d512d51b6beb9549d223026bfbf45d4da59e3948eb",
        "input/raw/caller_trace.jsonl": "6fd0b8934b175f7e8bbe04cd6a81a607578113f7f4a70e9fe0f5ac8a45c3b1e8",
        "input/raw/capture.json": "2202f31bc3434e48f09f80d640e0b8c3da2fd3343dbec332b2936d421fd041bb",
        "input/raw/execution.json": "60f6de7bcd2e5fd8ef853372c1c8ade9e987bca6d64a9be7cd0dfe3a98f1befb",
        "input/raw/first_step_disassembly.txt": "e1f03c4dcdc20aabe2496152914e549deebebbd39f2b119fed2e6e96c9cb0ed1",
        "input/raw/gdb.log": "91317a0faee26f0e66e080eb40ef23e9c9b26242d98818eae2f20b49c4a59ea5",
        "input/raw/harness_diff.json": "b71b84d1cdec37eb31cc6aca9af5f3cde3d9cb0863143cf5ba9f0bd938140f29",
        "input/raw/module_pinset.json": "0ceaf7fbfdfaae5edce9b912f3bc1af4f38058f2b8dea1f74b0d33893eee4387",
        "input/raw/source_pinset.json": "9c074226e62ee7ddb44744ac20fed0fd08bb74b62230bbf988a162bf779bf1ae",
        "input/transition.json": "66911769213fd0769c4f504e3c96d6ddf010e683238ace0e07cbdc79fc13cf60"
      },
      "code": "WRITE_SET",
      "declared_refusal_stage": "memory-write-semantics",
      "input_kind": "RAW_BUNDLE_AND_TRANSITION",
      "name": "same-value-store-omission",
      "receipt_preflight": "PASSED",
      "receipt_sha256": "29e8d78cf25ccac536ae91409ac4b31b176fdf830b043d2b12bfa07c40096dd6",
      "result_sha256": "2d4032248770ba5ff329da251df5086d53a7e2fd956464c05694d888de216af0",
      "trust_mode": "TEST_ONLY_REPIN",
      "verdict": "REFUSED"
    },
    {
      "actual_input_hashes": {
        "input/raw/acquisition_seal.json": "db5b2d7e154da091d3a177234e8f7f2302e29d60baa14345de94958bd5a7c4c2",
        "input/raw/caller_trace.jsonl": "72a4fe30c161d9032fa0deddd03fb14c2ebc2bae24e4cbd1df7d18f1e272e56e",
        "input/raw/capture.json": "f4ea525809a39002a848cebc23a88fbe999dca954f02ccaf60f33d698c2dd9f2",
        "input/raw/execution.json": "60f6de7bcd2e5fd8ef853372c1c8ade9e987bca6d64a9be7cd0dfe3a98f1befb",
        "input/raw/first_step_disassembly.txt": "e1f03c4dcdc20aabe2496152914e549deebebbd39f2b119fed2e6e96c9cb0ed1",
        "input/raw/gdb.log": "91317a0faee26f0e66e080eb40ef23e9c9b26242d98818eae2f20b49c4a59ea5",
        "input/raw/harness_diff.json": "b71b84d1cdec37eb31cc6aca9af5f3cde3d9cb0863143cf5ba9f0bd938140f29",
        "input/raw/module_pinset.json": "0ceaf7fbfdfaae5edce9b912f3bc1af4f38058f2b8dea1f74b0d33893eee4387",
        "input/raw/source_pinset.json": "9c074226e62ee7ddb44744ac20fed0fd08bb74b62230bbf988a162bf779bf1ae",
        "input/transition.json": "1e93d0357dc19a38aa6b6f4c9ad8e892b11a4522f76e8f7b7ecc6c9592108279"
      },
      "code": "WRITE_SET",
      "declared_refusal_stage": "memory-write-semantics",
      "input_kind": "RAW_BUNDLE_AND_TRANSITION",
      "name": "incomplete-zero-coverage",
      "receipt_preflight": "PASSED",
      "receipt_sha256": "cdc3eab00e97815a8cfda19a640fbb98baa94e8be9ae89cd2e5aa8c05104f462",
      "result_sha256": "ddbd805f363e05a5099d7d75d1b795260948f9c8abf13ce75fccd9fe31b63277",
      "trust_mode": "TEST_ONLY_REPIN",
      "verdict": "REFUSED"
    },
    {
      "actual_input_hashes": {
        "input/raw/acquisition_seal.json": "c109aeeb679507cfd0187ed6c3b74f859e9651e8de3e1f541e28563c269921af",
        "input/raw/caller_trace.jsonl": "72527272ade6da8685e4b7c033dd5ff421cf851ac177615f3550fdbbf314ccb6",
        "input/raw/capture.json": "7ec89ea5487d032131c04d1e3c6d760d02f0020ffe4e70688e82a040da8b6f75",
        "input/raw/execution.json": "60f6de7bcd2e5fd8ef853372c1c8ade9e987bca6d64a9be7cd0dfe3a98f1befb",
        "input/raw/first_step_disassembly.txt": "e1f03c4dcdc20aabe2496152914e549deebebbd39f2b119fed2e6e96c9cb0ed1",
        "input/raw/gdb.log": "91317a0faee26f0e66e080eb40ef23e9c9b26242d98818eae2f20b49c4a59ea5",
        "input/raw/harness_diff.json": "b71b84d1cdec37eb31cc6aca9af5f3cde3d9cb0863143cf5ba9f0bd938140f29",
        "input/raw/module_pinset.json": "0ceaf7fbfdfaae5edce9b912f3bc1af4f38058f2b8dea1f74b0d33893eee4387",
        "input/raw/source_pinset.json": "9c074226e62ee7ddb44744ac20fed0fd08bb74b62230bbf988a162bf779bf1ae",
        "input/transition.json": "f1c514bbcbee4217533f7117d1e5df7fdf3e6cf5f86993e78d3f3563ec44acc3"
      },
      "code": "TRACE_CONTROL_TARGET",
      "declared_refusal_stage": "control-flow-semantics",
      "input_kind": "RAW_BUNDLE_AND_TRANSITION",
      "name": "indirect-target-source-byte",
      "receipt_preflight": "PASSED",
      "receipt_sha256": "f934558940c372d0857716599a6d4ba43d3f54ab83d77c8bca24a33c6ea40711",
      "result_sha256": "76e1af0721ea37f0f7ee67e1549bd6843fc9dd6cea29d0663d914b2b1af7240c",
      "trust_mode": "TEST_ONLY_REPIN",
      "verdict": "REFUSED"
    },
    {
      "actual_input_hashes": {
        "input/raw/acquisition_seal.json": "619d8c040fd47e718c3051235e350176903358de5bd5878296f417783d388dfe",
        "input/raw/caller_trace.jsonl": "b0b5d9e1daec1f1b34c87bec993b7898eac6b1397eccd049aff96d1c1f903be5",
        "input/raw/capture.json": "b6849e1f0440b668139576de00506f8cadda5876eb79bc6b2ab64ad5cb981776",
        "input/raw/execution.json": "60f6de7bcd2e5fd8ef853372c1c8ade9e987bca6d64a9be7cd0dfe3a98f1befb",
        "input/raw/first_step_disassembly.txt": "e1f03c4dcdc20aabe2496152914e549deebebbd39f2b119fed2e6e96c9cb0ed1",
        "input/raw/gdb.log": "91317a0faee26f0e66e080eb40ef23e9c9b26242d98818eae2f20b49c4a59ea5",
        "input/raw/harness_diff.json": "b71b84d1cdec37eb31cc6aca9af5f3cde3d9cb0863143cf5ba9f0bd938140f29",
        "input/raw/module_pinset.json": "0ceaf7fbfdfaae5edce9b912f3bc1af4f38058f2b8dea1f74b0d33893eee4387",
        "input/raw/source_pinset.json": "9c074226e62ee7ddb44744ac20fed0fd08bb74b62230bbf988a162bf779bf1ae",
        "input/transition.json": "a580317aec74781ce30fc6d9f9dafda33aa38912fe544d7534ccdda33b3a68be"
      },
      "code": "TRACE_CONTROL_TARGET",
      "declared_refusal_stage": "control-flow-semantics",
      "input_kind": "RAW_BUNDLE_AND_TRANSITION",
      "name": "return-target-source-byte",
      "receipt_preflight": "PASSED",
      "receipt_sha256": "ee793152eb4622ad65373bccad39e73cb3ebd1db017d1a81f0ea59ebb221f38a",
      "result_sha256": "d67d78e9aeafb8c549a955dae04145c71541ac14bf3f08fd833ed9e57de24539",
      "trust_mode": "TEST_ONLY_REPIN",
      "verdict": "REFUSED"
    },
    {
      "actual_input_hashes": {
        "input/raw/acquisition_seal.json": "5ccbef5e0d3f652abf7bc05872361be7e06f7bc6c6cf0777f37ab152bd801da1",
        "input/raw/caller_trace.jsonl": "7912e5b2d78a0257054f72bf34baf1883883e70bbe7cd36b94c665e4a4be59b4",
        "input/raw/capture.json": "41589bf456f76545050308fc4519cf8dd085c8af1c0509f87797bf00e0801992",
        "input/raw/execution.json": "60f6de7bcd2e5fd8ef853372c1c8ade9e987bca6d64a9be7cd0dfe3a98f1befb",
        "input/raw/first_step_disassembly.txt": "e1f03c4dcdc20aabe2496152914e549deebebbd39f2b119fed2e6e96c9cb0ed1",
        "input/raw/gdb.log": "91317a0faee26f0e66e080eb40ef23e9c9b26242d98818eae2f20b49c4a59ea5",
        "input/raw/harness_diff.json": "b71b84d1cdec37eb31cc6aca9af5f3cde3d9cb0863143cf5ba9f0bd938140f29",
        "input/raw/module_pinset.json": "0ceaf7fbfdfaae5edce9b912f3bc1af4f38058f2b8dea1f74b0d33893eee4387",
        "input/raw/source_pinset.json": "9c074226e62ee7ddb44744ac20fed0fd08bb74b62230bbf988a162bf779bf1ae",
        "input/transition.json": "ea9923628d40c95ffa866486ed1e82a613766da74b609ffb8bcdcd609d67a221"
      },
      "code": "REGISTER_SEMANTICS",
      "declared_refusal_stage": "register-semantics",
      "input_kind": "RAW_BUNDLE_AND_TRANSITION",
      "name": "time-source-byte",
      "receipt_preflight": "PASSED",
      "receipt_sha256": "542d2f4379ed6ee704962fcd0172dbf11184389b0fcd41c360b231dac84d2d3e",
      "result_sha256": "8f5e23fb7b9b8274c60c61c2203b6c4bb8b355d1be0aed4af9fa6d3e7a2124d1",
      "trust_mode": "TEST_ONLY_REPIN",
      "verdict": "REFUSED"
    },
    {
      "actual_input_hashes": {
        "input/raw/acquisition_seal.json": "0c078d320fdfa19d1709848cff8d3fccfdc29719f84f8840556c58dce5319fc5",
        "input/raw/caller_trace.jsonl": "997bd3d6f0adcb9fe65b21fbb9fa530870b32e772e004a1e0a8a3778dfb63bb6",
        "input/raw/capture.json": "f0615f28ce36a171bbdfab89b6a5260603cc58f848c5e96554b818d0727861b2",
        "input/raw/execution.json": "60f6de7bcd2e5fd8ef853372c1c8ade9e987bca6d64a9be7cd0dfe3a98f1befb",
        "input/raw/first_step_disassembly.txt": "e1f03c4dcdc20aabe2496152914e549deebebbd39f2b119fed2e6e96c9cb0ed1",
        "input/raw/gdb.log": "91317a0faee26f0e66e080eb40ef23e9c9b26242d98818eae2f20b49c4a59ea5",
        "input/raw/harness_diff.json": "b71b84d1cdec37eb31cc6aca9af5f3cde3d9cb0863143cf5ba9f0bd938140f29",
        "input/raw/module_pinset.json": "0ceaf7fbfdfaae5edce9b912f3bc1af4f38058f2b8dea1f74b0d33893eee4387",
        "input/raw/source_pinset.json": "9c074226e62ee7ddb44744ac20fed0fd08bb74b62230bbf988a162bf779bf1ae",
        "input/transition.json": "dd0a8c334d56b125c1ebc1d995bf3583b2f3a371b4b835376391a15ed39d093b"
      },
      "code": "REGISTER_SEMANTICS",
      "declared_refusal_stage": "register-semantics",
      "input_kind": "RAW_BUNDLE_AND_TRANSITION",
      "name": "dt-source-byte",
      "receipt_preflight": "PASSED",
      "receipt_sha256": "e3d685bc32d9c4875684b49c0625c151b3e855515ae096bf39b151990d9e4623",
      "result_sha256": "771f9c8ae490bfc44af854f7ded1b6c59d1cd27e2f85b58e252ca9e8fb08f86c",
      "trust_mode": "TEST_ONLY_REPIN",
      "verdict": "REFUSED"
    },
    {
      "actual_input_hashes": {
        "input/raw/acquisition_seal.json": "a7ae9362fd1b1f49a02d4c3b5b5ad1b9197903465567a346ad494418de1f7b69",
        "input/raw/caller_trace.jsonl": "c61b5c6f98b9f0426ee86ff3b3c5d13ebbdbdc90adfd2d2442be69ba13260a7e",
        "input/raw/capture.json": "6fef7650dafdd68e34e17898beef9bc05f4a351e45d11c6826ae6918fbee14e8",
        "input/raw/execution.json": "60f6de7bcd2e5fd8ef853372c1c8ade9e987bca6d64a9be7cd0dfe3a98f1befb",
        "input/raw/first_step_disassembly.txt": "e1f03c4dcdc20aabe2496152914e549deebebbd39f2b119fed2e6e96c9cb0ed1",
        "input/raw/gdb.log": "91317a0faee26f0e66e080eb40ef23e9c9b26242d98818eae2f20b49c4a59ea5",
        "input/raw/harness_diff.json": "b71b84d1cdec37eb31cc6aca9af5f3cde3d9cb0863143cf5ba9f0bd938140f29",
        "input/raw/module_pinset.json": "0ceaf7fbfdfaae5edce9b912f3bc1af4f38058f2b8dea1f74b0d33893eee4387",
        "input/raw/source_pinset.json": "9c074226e62ee7ddb44744ac20fed0fd08bb74b62230bbf988a162bf779bf1ae",
        "input/transition.json": "ed660599138cec25ebd8162829dc5385eb113b7b568244703ea79fbfc63593de"
      },
      "code": "REGISTER_SEMANTICS",
      "declared_refusal_stage": "register-semantics",
      "input_kind": "RAW_BUNDLE_AND_TRANSITION",
      "name": "full-v-source-byte",
      "receipt_preflight": "PASSED",
      "receipt_sha256": "03cdcb065f0af1168c28232f9735e27c7c94f3bdecbe8553e70b4dbc178b8f52",
      "result_sha256": "4aa16d4c707ad14381e42568f136242d755e2acc01b2791a0ee80f7e1b5229d8",
      "trust_mode": "TEST_ONLY_REPIN",
      "verdict": "REFUSED"
    },
    {
      "actual_input_hashes": {
        "input/raw/acquisition_seal.json": "5908a5fc410f1696579b1fd477f819cd18b600776f58ef0d3579d55c16af9e71",
        "input/raw/caller_trace.jsonl": "50706618ef8d3b99a9605c5c61f9aaeca6226515f60f65264af0168b12bc52a4",
        "input/raw/capture.json": "4030bf67eb37454c2a0583e1e3878ef7ac89541f8aab4c94053e5f93048d19fa",
        "input/raw/execution.json": "60f6de7bcd2e5fd8ef853372c1c8ade9e987bca6d64a9be7cd0dfe3a98f1befb",
        "input/raw/first_step_disassembly.txt": "e1f03c4dcdc20aabe2496152914e549deebebbd39f2b119fed2e6e96c9cb0ed1",
        "input/raw/gdb.log": "91317a0faee26f0e66e080eb40ef23e9c9b26242d98818eae2f20b49c4a59ea5",
        "input/raw/harness_diff.json": "b71b84d1cdec37eb31cc6aca9af5f3cde3d9cb0863143cf5ba9f0bd938140f29",
        "input/raw/module_pinset.json": "0ceaf7fbfdfaae5edce9b912f3bc1af4f38058f2b8dea1f74b0d33893eee4387",
        "input/raw/source_pinset.json": "9c074226e62ee7ddb44744ac20fed0fd08bb74b62230bbf988a162bf779bf1ae",
        "input/transition.json": "e1b1bf457e6cc15a416b902fa86cd231b9176e59e222a6a047d725c9525bcd00"
      },
      "code": "REGISTER_SEMANTICS",
      "declared_refusal_stage": "register-semantics",
      "input_kind": "RAW_BUNDLE_AND_TRANSITION",
      "name": "cpointer-source-byte",
      "receipt_preflight": "PASSED",
      "receipt_sha256": "623b3091c9a29891e9fa8ab9d8972ec63b281d82a0879207c93327ef01d7f96c",
      "result_sha256": "5f2398ae3cb64fd143c97a540dfbc4c82e1104cefb13fa894bcbc2857664f12a",
      "trust_mode": "TEST_ONLY_REPIN",
      "verdict": "REFUSED"
    },
    {
      "actual_input_hashes": {
        "input/raw/acquisition_seal.json": "9044d0ec6bf4574660701110b558511d76d27613bd117fbc5f325f126821620d",
        "input/raw/caller_trace.jsonl": "b3497d76ab783aa0455236798cd0a045b03a87255aee0def509510637d764dde",
        "input/raw/capture.json": "c3d373120ef6b5c0d7f0846c0e4a0eca78cd4d67d280267cb281484ecaace150",
        "input/raw/execution.json": "60f6de7bcd2e5fd8ef853372c1c8ade9e987bca6d64a9be7cd0dfe3a98f1befb",
        "input/raw/first_step_disassembly.txt": "e1f03c4dcdc20aabe2496152914e549deebebbd39f2b119fed2e6e96c9cb0ed1",
        "input/raw/gdb.log": "91317a0faee26f0e66e080eb40ef23e9c9b26242d98818eae2f20b49c4a59ea5",
        "input/raw/harness_diff.json": "b71b84d1cdec37eb31cc6aca9af5f3cde3d9cb0863143cf5ba9f0bd938140f29",
        "input/raw/module_pinset.json": "0ceaf7fbfdfaae5edce9b912f3bc1af4f38058f2b8dea1f74b0d33893eee4387",
        "input/raw/source_pinset.json": "9c074226e62ee7ddb44744ac20fed0fd08bb74b62230bbf988a162bf779bf1ae",
        "input/transition.json": "16eb67abf18ad7c06db7d324753f16f7a33e7161ef6300542bdbdc1b75c25839"
      },
      "code": "REGISTER_SEMANTICS",
      "declared_refusal_stage": "register-semantics",
      "input_kind": "RAW_BUNDLE_AND_TRANSITION",
      "name": "half-ndim-source-byte",
      "receipt_preflight": "PASSED",
      "receipt_sha256": "b98aece09d11561cbac6ba428717600dc49b6b7323ba6d82cc5188bfb4b761af",
      "result_sha256": "72b36c6a78da5dcfa446e73d4a4a67996c863230c8e7d5d3bc055f4ebd58b93f",
      "trust_mode": "TEST_ONLY_REPIN",
      "verdict": "REFUSED"
    },
    {
      "actual_input_hashes": {
        "input/raw/acquisition_seal.json": "e83558f489310a84da22d65aa74e6f11e3e324bd748e623c236b4f607f035e32",
        "input/raw/caller_trace.jsonl": "37e4ff604e5802ec60bad743478415b1263647d9f847883cae40e6d1da880a73",
        "input/raw/capture.json": "c713e6d0d3199392ab8dab379bed3f828793f09fe461d2fda72001875656f57b",
        "input/raw/execution.json": "60f6de7bcd2e5fd8ef853372c1c8ade9e987bca6d64a9be7cd0dfe3a98f1befb",
        "input/raw/first_step_disassembly.txt": "e1f03c4dcdc20aabe2496152914e549deebebbd39f2b119fed2e6e96c9cb0ed1",
        "input/raw/gdb.log": "91317a0faee26f0e66e080eb40ef23e9c9b26242d98818eae2f20b49c4a59ea5",
        "input/raw/harness_diff.json": "b71b84d1cdec37eb31cc6aca9af5f3cde3d9cb0863143cf5ba9f0bd938140f29",
        "input/raw/module_pinset.json": "0ceaf7fbfdfaae5edce9b912f3bc1af4f38058f2b8dea1f74b0d33893eee4387",
        "input/raw/source_pinset.json": "9c074226e62ee7ddb44744ac20fed0fd08bb74b62230bbf988a162bf779bf1ae",
        "input/transition.json": "f95a1fb53b3f8ecb5542e36989b0afa16b6737344a273cb753d772ecb82a838f"
      },
      "code": "REGISTER_SEMANTICS",
      "declared_refusal_stage": "register-semantics",
      "input_kind": "RAW_BUNDLE_AND_TRANSITION",
      "name": "n-source-byte",
      "receipt_preflight": "PASSED",
      "receipt_sha256": "afdaa5bfcc9728727a107d4b96e4e11d4cf6fc8f767aaa624ca14c83b7723870",
      "result_sha256": "bde3ac9a766e9612a434499ed5b2e88764407d940ab5c5d1a064bea90088f167",
      "trust_mode": "TEST_ONLY_REPIN",
      "verdict": "REFUSED"
    },
    {
      "actual_input_hashes": {
        "input/raw/acquisition_seal.json": "82ddd09d59f556330d7a4e278e27cbcbe75a12d195ae1ee5daa502697a7a0afc",
        "input/raw/caller_trace.jsonl": "13044dfb0906289dd6278ceeacb08ad36e0661a55d5d0bf96f22bbfd47a54abb",
        "input/raw/capture.json": "d0faacf8a5a21bbc253bc84645bc3c53fb4d917b172b3d7c83417a2e04cc659c",
        "input/raw/execution.json": "60f6de7bcd2e5fd8ef853372c1c8ade9e987bca6d64a9be7cd0dfe3a98f1befb",
        "input/raw/first_step_disassembly.txt": "e1f03c4dcdc20aabe2496152914e549deebebbd39f2b119fed2e6e96c9cb0ed1",
        "input/raw/gdb.log": "91317a0faee26f0e66e080eb40ef23e9c9b26242d98818eae2f20b49c4a59ea5",
        "input/raw/harness_diff.json": "b71b84d1cdec37eb31cc6aca9af5f3cde3d9cb0863143cf5ba9f0bd938140f29",
        "input/raw/module_pinset.json": "0ceaf7fbfdfaae5edce9b912f3bc1af4f38058f2b8dea1f74b0d33893eee4387",
        "input/raw/source_pinset.json": "9c074226e62ee7ddb44744ac20fed0fd08bb74b62230bbf988a162bf779bf1ae",
        "input/transition.json": "41433a6a90ca8a6574383884774b6e83d21408b6b87ebba66b5902978ba72f9e"
      },
      "code": "WRITE_SET",
      "declared_refusal_stage": "memory-write-semantics",
      "input_kind": "RAW_BUNDLE_AND_TRANSITION",
      "name": "tls-destination-address",
      "receipt_preflight": "PASSED",
      "receipt_sha256": "66c49f8ffaad4b430b46284946c556e314fc3b224f2e447617becd99f35f1838",
      "result_sha256": "6b644d62425e4b3a9631eb7d65dcb1fa4ddee9004817d7f9663d32dcea4dda66",
      "trust_mode": "TEST_ONLY_REPIN",
      "verdict": "REFUSED"
    },
    {
      "actual_input_hashes": {
        "input/raw/acquisition_seal.json": "1deb89cf899f1092f58dfda649720d4b359085978b19b3b96c7f007fe460cb92",
        "input/raw/caller_trace.jsonl": "fb75e584428ef48634631df00e5cb5421e185d0c446d8819ee727a80419b42a1",
        "input/raw/capture.json": "1601398af138a253007c565c8614e2d4815683eddb9f31a8ee6262302bfae5c8",
        "input/raw/execution.json": "60f6de7bcd2e5fd8ef853372c1c8ade9e987bca6d64a9be7cd0dfe3a98f1befb",
        "input/raw/first_step_disassembly.txt": "e1f03c4dcdc20aabe2496152914e549deebebbd39f2b119fed2e6e96c9cb0ed1",
        "input/raw/gdb.log": "91317a0faee26f0e66e080eb40ef23e9c9b26242d98818eae2f20b49c4a59ea5",
        "input/raw/harness_diff.json": "b71b84d1cdec37eb31cc6aca9af5f3cde3d9cb0863143cf5ba9f0bd938140f29",
        "input/raw/module_pinset.json": "0ceaf7fbfdfaae5edce9b912f3bc1af4f38058f2b8dea1f74b0d33893eee4387",
        "input/raw/source_pinset.json": "9c074226e62ee7ddb44744ac20fed0fd08bb74b62230bbf988a162bf779bf1ae",
        "input/transition.json": "abb859bfd19aac5f29e34f8a09770fde9e180b58102360315f50a1b24d79694e"
      },
      "code": "MEMORY_OBSERVATION",
      "declared_refusal_stage": "memory-read-coverage",
      "input_kind": "RAW_BUNDLE_AND_TRANSITION",
      "name": "required-read-omission",
      "receipt_preflight": "PASSED",
      "receipt_sha256": "3f80dd5ead359ff6efb3834773c13f7244beeaeca8e99613f411a628d7be4112",
      "result_sha256": "4991b3617d430609d5fed20c218ab7a72bb86caefe88a64e410c37d43ea6b66f",
      "trust_mode": "TEST_ONLY_REPIN",
      "verdict": "REFUSED"
    },
    {
      "actual_input_hashes": {
        "input/raw/acquisition_seal.json": "4013e32e8dcd50d9a3d6dd95616167c173e1d5bb31c922b169d7e36f5356d687",
        "input/raw/caller_trace.jsonl": "0431a978eb4c197a1126db1d91197c1b7370384e2b89139d50d90bb4991fdf16",
        "input/raw/capture.json": "b0e72614a3b1a7f4ab2a0ac0066064b02433ba0ab328661c04783e8f3d263e8e",
        "input/raw/execution.json": "60f6de7bcd2e5fd8ef853372c1c8ade9e987bca6d64a9be7cd0dfe3a98f1befb",
        "input/raw/first_step_disassembly.txt": "e1f03c4dcdc20aabe2496152914e549deebebbd39f2b119fed2e6e96c9cb0ed1",
        "input/raw/gdb.log": "91317a0faee26f0e66e080eb40ef23e9c9b26242d98818eae2f20b49c4a59ea5",
        "input/raw/harness_diff.json": "b71b84d1cdec37eb31cc6aca9af5f3cde3d9cb0863143cf5ba9f0bd938140f29",
        "input/raw/module_pinset.json": "0ceaf7fbfdfaae5edce9b912f3bc1af4f38058f2b8dea1f74b0d33893eee4387",
        "input/raw/source_pinset.json": "9c074226e62ee7ddb44744ac20fed0fd08bb74b62230bbf988a162bf779bf1ae",
        "input/transition.json": "432b1c4f446ec7593340a9456db565ba6ccafa0ab3ed85ca6ce32f9e20a50e23"
      },
      "code": "WRITE_SET",
      "declared_refusal_stage": "memory-write-semantics",
      "input_kind": "RAW_BUNDLE_AND_TRANSITION",
      "name": "gradient-push-source-byte",
      "receipt_preflight": "PASSED",
      "receipt_sha256": "58640579a2c228a49befeeda3f04610da0f6c24752a157b7a9579e6da53f156c",
      "result_sha256": "9913ffb03de321474c0a60b39d7c2a16cd140ba21e335666e5382f03b3aee867",
      "trust_mode": "TEST_ONLY_REPIN",
      "verdict": "REFUSED"
    },
    {
      "actual_input_hashes": {
        "input/raw/acquisition_seal.json": "e3fc7d266f730d1ab7b59e10d3aa5143650b1507a1eeb216bf2a08ba2aa175ab",
        "input/raw/caller_trace.jsonl": "ec61d17474540191a51db48af43df9c104ceaa0d5cc2bbeeb06e448ad5bea267",
        "input/raw/capture.json": "f1b14ca3e9d4bbcc0bddee7c4d2eec4b1a1c3bb2f607b9f9b266ed85b8a5f99e",
        "input/raw/execution.json": "60f6de7bcd2e5fd8ef853372c1c8ade9e987bca6d64a9be7cd0dfe3a98f1befb",
        "input/raw/first_step_disassembly.txt": "e1f03c4dcdc20aabe2496152914e549deebebbd39f2b119fed2e6e96c9cb0ed1",
        "input/raw/gdb.log": "91317a0faee26f0e66e080eb40ef23e9c9b26242d98818eae2f20b49c4a59ea5",
        "input/raw/harness_diff.json": "b71b84d1cdec37eb31cc6aca9af5f3cde3d9cb0863143cf5ba9f0bd938140f29",
        "input/raw/module_pinset.json": "0ceaf7fbfdfaae5edce9b912f3bc1af4f38058f2b8dea1f74b0d33893eee4387",
        "input/raw/source_pinset.json": "9c074226e62ee7ddb44744ac20fed0fd08bb74b62230bbf988a162bf779bf1ae",
        "input/transition.json": "1d812237eab49f69aa55acd8b51556ed8f5cdbc6dc9d7052e9a941a0c00781a4"
      },
      "code": "REGISTER_SEMANTICS",
      "declared_refusal_stage": "register-semantics",
      "input_kind": "RAW_BUNDLE_AND_TRANSITION",
      "name": "q-register-def-use",
      "receipt_preflight": "PASSED",
      "receipt_sha256": "b2a5c9e84a8f832ba76cccea4c0fa0e2e1591920894ea66ff94414ab8965625b",
      "result_sha256": "90b851894bbcdfea99c34dc01bb0fe255bcca366c0365863fbe25a8cf9ae0066",
      "trust_mode": "TEST_ONLY_REPIN",
      "verdict": "REFUSED"
    },
    {
      "actual_input_hashes": {
        "input/raw/acquisition_seal.json": "055d0d8254a3732ef9b893aeea6343b9a6b2e3bb386048b499fef31cc9e50bad",
        "input/raw/caller_trace.jsonl": "8ee1367d1eb42f8c663537aabf5fd39e05ac2721b5c479173bc92a95fa979004",
        "input/raw/capture.json": "8bfebb9cca292865e2f31c7db12495cc83b14673d9ef0ab0db3c427eb2303552",
        "input/raw/execution.json": "60f6de7bcd2e5fd8ef853372c1c8ade9e987bca6d64a9be7cd0dfe3a98f1befb",
        "input/raw/first_step_disassembly.txt": "e1f03c4dcdc20aabe2496152914e549deebebbd39f2b119fed2e6e96c9cb0ed1",
        "input/raw/gdb.log": "91317a0faee26f0e66e080eb40ef23e9c9b26242d98818eae2f20b49c4a59ea5",
        "input/raw/harness_diff.json": "b71b84d1cdec37eb31cc6aca9af5f3cde3d9cb0863143cf5ba9f0bd938140f29",
        "input/raw/module_pinset.json": "0ceaf7fbfdfaae5edce9b912f3bc1af4f38058f2b8dea1f74b0d33893eee4387",
        "input/raw/source_pinset.json": "9c074226e62ee7ddb44744ac20fed0fd08bb74b62230bbf988a162bf779bf1ae",
        "input/transition.json": "790c9ddde1d83f97f0b7fbce49b1815bb817f710315857e11b92493fa19ac16a"
      },
      "code": "REGISTER_SEMANTICS",
      "declared_refusal_stage": "register-semantics",
      "input_kind": "RAW_BUNDLE_AND_TRANSITION",
      "name": "latent-register-def-use",
      "receipt_preflight": "PASSED",
      "receipt_sha256": "ec766de10f5934623dbe2ee9a27ca1f59e03355a0ae254dd1a700f3adf840cd0",
      "result_sha256": "3614ea5cc83085ddcea7d233a29e4e5d7b6b44db2f64eafdc35da1a6e11d197b",
      "trust_mode": "TEST_ONLY_REPIN",
      "verdict": "REFUSED"
    },
    {
      "actual_input_hashes": {
        "input/raw/acquisition_seal.json": "13533ae435d0043a9ad56833ba44300045098fa4e23dfa2c2191c2e8bd352861",
        "input/raw/caller_trace.jsonl": "64f5f8caaf00cbd691ad24bdb8fa59fd6f50bbf4036d8671895fd27ac7766877",
        "input/raw/capture.json": "1828f5a8095ab25366f13ca67427431371fe8353cfa7348176e23584a5a68803",
        "input/raw/execution.json": "80ce941b07a308ca3c8b23fdcb84636619fd1b5f3beeba1cd718ab389e088345",
        "input/raw/first_step_disassembly.txt": "e1f03c4dcdc20aabe2496152914e549deebebbd39f2b119fed2e6e96c9cb0ed1",
        "input/raw/gdb.log": "91317a0faee26f0e66e080eb40ef23e9c9b26242d98818eae2f20b49c4a59ea5",
        "input/raw/harness_diff.json": "b71b84d1cdec37eb31cc6aca9af5f3cde3d9cb0863143cf5ba9f0bd938140f29",
        "input/raw/module_pinset.json": "0ceaf7fbfdfaae5edce9b912f3bc1af4f38058f2b8dea1f74b0d33893eee4387",
        "input/raw/source_pinset.json": "9c074226e62ee7ddb44744ac20fed0fd08bb74b62230bbf988a162bf779bf1ae",
        "input/transition.json": "d973da393f9a488047492cf5b568719ca915fe08085aeee2713e594efc82d6a9"
      },
      "code": "EXECUTION_AUTH",
      "declared_refusal_stage": "execution-authentication",
      "input_kind": "RAW_BUNDLE_AND_TRANSITION",
      "name": "structured-process-identity",
      "receipt_preflight": "NOT_REACHED",
      "receipt_sha256": "9e8ddad189ed02f8c77f86d810a40118e3b411da92fefd9b883c8598b8ffd5a0",
      "result_sha256": "a08e57ffeac7881e9936edbf03bbeeb64f051a72c57752ea996ca10aba496eba",
      "trust_mode": "TEST_ONLY_REPIN",
      "verdict": "REFUSED"
    },
    {
      "actual_input_hashes": {
        "input/raw/acquisition_seal.json": "c45649ee2446fd8269ee58999fc216a003d5fffac7347dad557281fa1c381d52",
        "input/raw/caller_trace.jsonl": "64f5f8caaf00cbd691ad24bdb8fa59fd6f50bbf4036d8671895fd27ac7766877",
        "input/raw/capture.json": "1828f5a8095ab25366f13ca67427431371fe8353cfa7348176e23584a5a68803",
        "input/raw/execution.json": "2e9fe87e83281acd89bd5f1f340f9650378792c3ea4258e3003a20f021e66b7e",
        "input/raw/first_step_disassembly.txt": "e1f03c4dcdc20aabe2496152914e549deebebbd39f2b119fed2e6e96c9cb0ed1",
        "input/raw/gdb.log": "91317a0faee26f0e66e080eb40ef23e9c9b26242d98818eae2f20b49c4a59ea5",
        "input/raw/harness_diff.json": "b71b84d1cdec37eb31cc6aca9af5f3cde3d9cb0863143cf5ba9f0bd938140f29",
        "input/raw/module_pinset.json": "0ceaf7fbfdfaae5edce9b912f3bc1af4f38058f2b8dea1f74b0d33893eee4387",
        "input/raw/source_pinset.json": "9c074226e62ee7ddb44744ac20fed0fd08bb74b62230bbf988a162bf779bf1ae",
        "input/transition.json": "4103422b022aeb8be320fc9793f65bef9980d26aac55a69278a3c0ec7d918bf9"
      },
      "code": "SOURCE_SET",
      "declared_refusal_stage": "source-pin-validation",
      "input_kind": "RAW_BUNDLE_AND_TRANSITION",
      "name": "source-receipt-omission",
      "receipt_preflight": "PASSED",
      "receipt_sha256": "3e025754e4c8989d9a2b636416fcf79aca1c46000f3897f73b3db0bcdc2a6558",
      "result_sha256": "ce33c2c8f23f4f42af14f720212fad6db346eaeaff4418491db287e59f02f163",
      "trust_mode": "TEST_ONLY_REPIN",
      "verdict": "REFUSED"
    },
    {
      "actual_input_hashes": {
        "input/raw/acquisition_seal.json": "8187e50552e1a4eaeec5fae179d62ab0feab06f23836e9cf09cf4fe1e775ca13",
        "input/raw/caller_trace.jsonl": "64f5f8caaf00cbd691ad24bdb8fa59fd6f50bbf4036d8671895fd27ac7766877",
        "input/raw/capture.json": "1828f5a8095ab25366f13ca67427431371fe8353cfa7348176e23584a5a68803",
        "input/raw/execution.json": "bc643ebf1fe0b0b9c5ccbd26e4b696cf0d29ae7af9e0fcc724ee8c54db19dec2",
        "input/raw/first_step_disassembly.txt": "e1f03c4dcdc20aabe2496152914e549deebebbd39f2b119fed2e6e96c9cb0ed1",
        "input/raw/gdb.log": "91317a0faee26f0e66e080eb40ef23e9c9b26242d98818eae2f20b49c4a59ea5",
        "input/raw/harness_diff.json": "b71b84d1cdec37eb31cc6aca9af5f3cde3d9cb0863143cf5ba9f0bd938140f29",
        "input/raw/module_pinset.json": "0ceaf7fbfdfaae5edce9b912f3bc1af4f38058f2b8dea1f74b0d33893eee4387",
        "input/raw/source_pinset.json": "9c074226e62ee7ddb44744ac20fed0fd08bb74b62230bbf988a162bf779bf1ae",
        "input/transition.json": "fe84a046925587abd085e69cce45efc91df717d35ba698a4d9c867b5b3556586"
      },
      "code": "MODULE_SET",
      "declared_refusal_stage": "module-pin-validation",
      "input_kind": "RAW_BUNDLE_AND_TRANSITION",
      "name": "module-receipt-omission",
      "receipt_preflight": "NOT_REACHED",
      "receipt_sha256": "7105a5bdcae6c814743a05a8969c6c55a7bc0c3213ba7b4c140347a65d23923a",
      "result_sha256": "1c05d84d7a52f76f3a95ea1e5cdf72059a196fae05885bbc5186a0048374c81e",
      "trust_mode": "TEST_ONLY_REPIN",
      "verdict": "REFUSED"
    },
    {
      "actual_input_hashes": {
        "input/raw/acquisition_seal.json": "c109aeeb679507cfd0187ed6c3b74f859e9651e8de3e1f541e28563c269921af",
        "input/raw/caller_trace.jsonl": "72527272ade6da8685e4b7c033dd5ff421cf851ac177615f3550fdbbf314ccb6",
        "input/raw/capture.json": "7ec89ea5487d032131c04d1e3c6d760d02f0020ffe4e70688e82a040da8b6f75",
        "input/raw/execution.json": "60f6de7bcd2e5fd8ef853372c1c8ade9e987bca6d64a9be7cd0dfe3a98f1befb",
        "input/raw/first_step_disassembly.txt": "e1f03c4dcdc20aabe2496152914e549deebebbd39f2b119fed2e6e96c9cb0ed1",
        "input/raw/gdb.log": "91317a0faee26f0e66e080eb40ef23e9c9b26242d98818eae2f20b49c4a59ea5",
        "input/raw/harness_diff.json": "b71b84d1cdec37eb31cc6aca9af5f3cde3d9cb0863143cf5ba9f0bd938140f29",
        "input/raw/module_pinset.json": "0ceaf7fbfdfaae5edce9b912f3bc1af4f38058f2b8dea1f74b0d33893eee4387",
        "input/raw/source_pinset.json": "9c074226e62ee7ddb44744ac20fed0fd08bb74b62230bbf988a162bf779bf1ae",
        "input/transition.json": "f1c514bbcbee4217533f7117d1e5df7fdf3e6cf5f86993e78d3f3563ec44acc3"
      },
      "code": "TRUST_PATH",
      "declared_refusal_stage": "production-trust-gate",
      "input_kind": "RAW_BUNDLE_AND_TRANSITION",
      "name": "public-coherent-repin",
      "receipt_preflight": "NOT_REACHED",
      "receipt_sha256": "2ea013934ba87d9eaf9352df5feeb21d1e21684252718d8be2f542d9d1f6bce6",
      "result_sha256": "8a914e4bb79a5bd620d981e0362b210987f996ef71ab190cf686aa43eecd7ce1",
      "trust_mode": "PUBLIC_RIGID_PRODUCTION",
      "verdict": "REFUSED"
    },
    {
      "actual_input_hashes": {
        "input/fixture.json": "725e57c030ed60bc01d0a098609042b0bcf9c5762432130855488d82e07a7a1d"
      },
      "code": "UNKNOWN_INSTRUCTION_EFFECT",
      "declared_refusal_stage": "closed-instruction-decoder",
      "input_kind": "STRUCTURED_UNIT_FIXTURE",
      "name": "unknown-instruction-effect",
      "receipt_preflight": "NOT_APPLICABLE",
      "receipt_sha256": "3a25d4606bc655451c813757055d70f6818effff768864f0bc4a05845b8c3ab9",
      "result_sha256": "24801f66c76140b3f133ffb68ef81bcc2b546954d707ff212ad78d40166ccb33",
      "trust_mode": "UNIT_CLOSED_DECODER",
      "verdict": "REFUSED"
    },
    {
      "actual_input_hashes": {
        "input/raw/acquisition_seal.json": "2b3e096d410c742f9d43d559a7c96e0531334e357043021f39be56ce0acf830c",
        "input/raw/caller_trace.jsonl": "71cb8813c8f21e1834d9924ce46874dfd5f60747b8d45a38ad0627e45a576d29",
        "input/raw/capture.json": "bf14db6225482437925c59cdb3cfc53d116cbc5d015cce80dd40c1dc8c76b09d",
        "input/raw/execution.json": "60f6de7bcd2e5fd8ef853372c1c8ade9e987bca6d64a9be7cd0dfe3a98f1befb",
        "input/raw/first_step_disassembly.txt": "e1f03c4dcdc20aabe2496152914e549deebebbd39f2b119fed2e6e96c9cb0ed1",
        "input/raw/gdb.log": "91317a0faee26f0e66e080eb40ef23e9c9b26242d98818eae2f20b49c4a59ea5",
        "input/raw/harness_diff.json": "b71b84d1cdec37eb31cc6aca9af5f3cde3d9cb0863143cf5ba9f0bd938140f29",
        "input/raw/module_pinset.json": "0ceaf7fbfdfaae5edce9b912f3bc1af4f38058f2b8dea1f74b0d33893eee4387",
        "input/raw/source_pinset.json": "9c074226e62ee7ddb44744ac20fed0fd08bb74b62230bbf988a162bf779bf1ae",
        "input/transition.json": "e70f34d79e44fcc855fb4f2d7b066081e7f27c4793e7291d03c76e2e697cad8a"
      },
      "code": "REGISTER_SEMANTICS",
      "declared_refusal_stage": "register-semantics",
      "input_kind": "RAW_BUNDLE_AND_TRANSITION",
      "name": "movsd-memory-upper64",
      "receipt_preflight": "PASSED",
      "receipt_sha256": "8e3882f98b145bfb1aa985df9b7da0528cbf4e15ac9e10ccdb8a2bfd17360fa4",
      "result_sha256": "cec1a5d2501c6b3bf85f8159262d7eb4ac22be8f637526e30ed8568513902b45",
      "trust_mode": "TEST_ONLY_REPIN",
      "verdict": "REFUSED"
    },
    {
      "actual_input_hashes": {
        "input/raw/acquisition_seal.json": "b80d108c10b594713d3c8fbdfdaec58702088c99fdaabac7ae297a4e1721131a",
        "input/raw/caller_trace.jsonl": "aaa2ff16954d8de694ba3f88d4853264c60156043fc80e239c1124022f969b56",
        "input/raw/capture.json": "9b3d5b95eef94d56a3bb7756768d26c5b1bd457e45480a097eff1ba21d5c5283",
        "input/raw/execution.json": "60f6de7bcd2e5fd8ef853372c1c8ade9e987bca6d64a9be7cd0dfe3a98f1befb",
        "input/raw/first_step_disassembly.txt": "e1f03c4dcdc20aabe2496152914e549deebebbd39f2b119fed2e6e96c9cb0ed1",
        "input/raw/gdb.log": "91317a0faee26f0e66e080eb40ef23e9c9b26242d98818eae2f20b49c4a59ea5",
        "input/raw/harness_diff.json": "b71b84d1cdec37eb31cc6aca9af5f3cde3d9cb0863143cf5ba9f0bd938140f29",
        "input/raw/module_pinset.json": "0ceaf7fbfdfaae5edce9b912f3bc1af4f38058f2b8dea1f74b0d33893eee4387",
        "input/raw/source_pinset.json": "9c074226e62ee7ddb44744ac20fed0fd08bb74b62230bbf988a162bf779bf1ae",
        "input/transition.json": "510c1db007df92e15de13128d1c38b0082745f772d4b105ca11a707f22fa6f7b"
      },
      "code": "SEQUENCE_RECEIPT",
      "declared_refusal_stage": "sequence-receipt-preflight",
      "input_kind": "RAW_BUNDLE_AND_TRANSITION",
      "name": "dense-deletion-stale-receipts",
      "receipt_preflight": "REFUSED",
      "receipt_sha256": "d4238da847aa7efbf3e936277fb46464278278808b563fe4daba262019810793",
      "result_sha256": "8a2d6a3541b252641f83812fe822625c9a7d69ed576de5b818718ac72b98a914",
      "trust_mode": "TEST_ONLY_REPIN",
      "verdict": "REFUSED"
    },
    {
      "actual_input_hashes": {
        "input/raw/acquisition_seal.json": "677d96a92f64d8627203ee938a64888019fdbe5132030707e022e537bcb83e7b",
        "input/raw/caller_trace.jsonl": "aaa2ff16954d8de694ba3f88d4853264c60156043fc80e239c1124022f969b56",
        "input/raw/capture.json": "fdcb9f0aec32923c81bd1a740e7ad1c14b2334fe8753f597fd51e97026604af3",
        "input/raw/execution.json": "60f6de7bcd2e5fd8ef853372c1c8ade9e987bca6d64a9be7cd0dfe3a98f1befb",
        "input/raw/first_step_disassembly.txt": "e1f03c4dcdc20aabe2496152914e549deebebbd39f2b119fed2e6e96c9cb0ed1",
        "input/raw/gdb.log": "91317a0faee26f0e66e080eb40ef23e9c9b26242d98818eae2f20b49c4a59ea5",
        "input/raw/harness_diff.json": "b71b84d1cdec37eb31cc6aca9af5f3cde3d9cb0863143cf5ba9f0bd938140f29",
        "input/raw/module_pinset.json": "0ceaf7fbfdfaae5edce9b912f3bc1af4f38058f2b8dea1f74b0d33893eee4387",
        "input/raw/source_pinset.json": "9c074226e62ee7ddb44744ac20fed0fd08bb74b62230bbf988a162bf779bf1ae",
        "input/transition.json": "9fb267c495d471ec5dbcbf5244b33a0292fc51c5e09542f47170a5512fefdec1"
      },
      "code": "TRACE_CONTROL_TARGET",
      "declared_refusal_stage": "control-flow-semantics",
      "input_kind": "RAW_BUNDLE_AND_TRANSITION",
      "name": "dense-deletion-fully-repaired",
      "receipt_preflight": "PASSED",
      "receipt_sha256": "a793532b5354953c130634b84065834ab6c3cb59978791b67d3ddb34fccf2f6e",
      "result_sha256": "546d6b3a4e5862dc53a39a0f7263a05e68ae63ddeace2b8cc3ca692b238687f8",
      "trust_mode": "TEST_ONLY_REPIN",
      "verdict": "REFUSED"
    },
    {
      "actual_input_hashes": {
        "input/raw/acquisition_seal.json": "57becd0708719f5b94210fb0bc6a9569fe1cced290628c1b1cda8b49740905d1",
        "input/raw/caller_trace.jsonl": "4552db9f6d83c1d71cb7564d8b1a95ee62b6e8f9dbfbe6c23f714cb2f550c6d8",
        "input/raw/capture.json": "6fb3e1669b80765ca239b7620080c029b898fcab8eab66fffa89859d53dc94fe",
        "input/raw/execution.json": "60f6de7bcd2e5fd8ef853372c1c8ade9e987bca6d64a9be7cd0dfe3a98f1befb",
        "input/raw/first_step_disassembly.txt": "e1f03c4dcdc20aabe2496152914e549deebebbd39f2b119fed2e6e96c9cb0ed1",
        "input/raw/gdb.log": "91317a0faee26f0e66e080eb40ef23e9c9b26242d98818eae2f20b49c4a59ea5",
        "input/raw/harness_diff.json": "b71b84d1cdec37eb31cc6aca9af5f3cde3d9cb0863143cf5ba9f0bd938140f29",
        "input/raw/module_pinset.json": "0ceaf7fbfdfaae5edce9b912f3bc1af4f38058f2b8dea1f74b0d33893eee4387",
        "input/raw/source_pinset.json": "9c074226e62ee7ddb44744ac20fed0fd08bb74b62230bbf988a162bf779bf1ae",
        "input/transition.json": "fa630d72f1b9f457501274b2a1240dd4cad3fe12e6965a2f06ab7de64c6581db"
      },
      "code": "SEQUENCE_RECEIPT",
      "declared_refusal_stage": "sequence-receipt-preflight",
      "input_kind": "RAW_BUNDLE_AND_TRANSITION",
      "name": "dense-reorder-stale-receipts",
      "receipt_preflight": "REFUSED",
      "receipt_sha256": "a76f1e1771b14d4452ef90c3f547a631155bff7d71cb389f6b580566b7bc8d7c",
      "result_sha256": "361e8020041b014bdc558dfbfd4be373f6c8aa57f032d8e6e18c02b72e8dc30a",
      "trust_mode": "TEST_ONLY_REPIN",
      "verdict": "REFUSED"
    },
    {
      "actual_input_hashes": {
        "input/raw/acquisition_seal.json": "57becd0708719f5b94210fb0bc6a9569fe1cced290628c1b1cda8b49740905d1",
        "input/raw/caller_trace.jsonl": "4552db9f6d83c1d71cb7564d8b1a95ee62b6e8f9dbfbe6c23f714cb2f550c6d8",
        "input/raw/capture.json": "6fb3e1669b80765ca239b7620080c029b898fcab8eab66fffa89859d53dc94fe",
        "input/raw/execution.json": "60f6de7bcd2e5fd8ef853372c1c8ade9e987bca6d64a9be7cd0dfe3a98f1befb",
        "input/raw/first_step_disassembly.txt": "e1f03c4dcdc20aabe2496152914e549deebebbd39f2b119fed2e6e96c9cb0ed1",
        "input/raw/gdb.log": "91317a0faee26f0e66e080eb40ef23e9c9b26242d98818eae2f20b49c4a59ea5",
        "input/raw/harness_diff.json": "b71b84d1cdec37eb31cc6aca9af5f3cde3d9cb0863143cf5ba9f0bd938140f29",
        "input/raw/module_pinset.json": "0ceaf7fbfdfaae5edce9b912f3bc1af4f38058f2b8dea1f74b0d33893eee4387",
        "input/raw/source_pinset.json": "9c074226e62ee7ddb44744ac20fed0fd08bb74b62230bbf988a162bf779bf1ae",
        "input/transition.json": "da52d1285ac40443cf8b28df39f4dc11ba7a9612b188a614d3ab45c1f111d32c"
      },
      "code": "TRACE_CONTROL_TARGET",
      "declared_refusal_stage": "control-flow-semantics",
      "input_kind": "RAW_BUNDLE_AND_TRANSITION",
      "name": "dense-reorder-fully-repaired",
      "receipt_preflight": "PASSED",
      "receipt_sha256": "36a318d6f6f95f6146bdec9ed8d817f50afdab2584092df9c203df544430dc9b",
      "result_sha256": "82abeccb6cb4c2aa1b57007a10988cea20359eeba302e3c6820c4a189edd1da3",
      "trust_mode": "TEST_ONLY_REPIN",
      "verdict": "REFUSED"
    },
    {
      "actual_input_hashes": {
        "input/fixture.json": "17c6557fb84f07a13866e111e9a03a6b419dce425cdc66547bd0ea6b242be14c"
      },
      "code": "ABI_PROVENANCE",
      "declared_refusal_stage": "abi-origin-role",
      "input_kind": "STRUCTURED_UNIT_FIXTURE",
      "name": "same-bits-wrong-origin-role",
      "receipt_preflight": "NOT_APPLICABLE",
      "receipt_sha256": "fc56191d109cd9f1c7fef8471b721e395083c5c755e21a870b97223e862439a4",
      "result_sha256": "5df1a4152426ef4e3658ce9396f3ed344eecf173771132a9a52bb902e5d2c5f1",
      "trust_mode": "UNIT_STRUCTURED_FIXTURE",
      "verdict": "REFUSED"
    }
  ],
  "checker_sha256": "8c1915ed19e9fb1cefd757d8a2ff8c475193ed581fa272784dabcd89e5e125a4",
  "generator_sha256": "975283794960530871cee63b58f9de9a6be97211bd1ca68fc0725e2f4ea6ee8c",
  "production_trust_override_exposed": false,
  "schema": "gala-caller-transition-checker-fix3-mutation-manifest-v1",
  "source_case": "audited-attempt-05-readproof-01",
  "source_raw_sha256": {
    "acquisition_seal.json": "ece7e1a54b681bea33c948a467eec9df2bf029cb7d386276fbc67c9819641627",
    "caller_trace.jsonl": "64f5f8caaf00cbd691ad24bdb8fa59fd6f50bbf4036d8671895fd27ac7766877",
    "capture.json": "9ae29bee14c2d42265dbf353a1e55caa78012c16210fa7c5b6bf8e84cd8c9157",
    "execution.json": "f0b0fe461031a402bc2cdbfa962afde4846c29280a6d6ebb76222de2a15d1e62",
    "first_step_disassembly.txt": "e1f03c4dcdc20aabe2496152914e549deebebbd39f2b119fed2e6e96c9cb0ed1",
    "gdb.log": "91317a0faee26f0e66e080eb40ef23e9c9b26242d98818eae2f20b49c4a59ea5",
    "harness_diff.json": "b71b84d1cdec37eb31cc6aca9af5f3cde3d9cb0863143cf5ba9f0bd938140f29",
    "module_pinset.json": "0ceaf7fbfdfaae5edce9b912f3bc1af4f38058f2b8dea1f74b0d33893eee4387",
    "source_pinset.json": "9c074226e62ee7ddb44744ac20fed0fd08bb74b62230bbf988a162bf779bf1ae"
  },
  "source_transition_sha256": "526132b3ec1d1efcb06c05dd4ac803cd818074b63b47bec1a381ac38b4aa0f59"
}
