Function "_ZL66__pyx_f_4gala_9integrate_13cyintegrators_8leapfrog_c_init_velocityP11_CPotentialmiddPdS1_S1_S1_" not defined.
Function "_ZL66__pyx_f_4gala_9integrate_13cyintegrators_8leapfrog_c_leapfrog_stepP11_CPotentialmiddPdS1_S1_S1_" not defined.

Thread 1 "python" hit Breakpoint -1, __pyx_f_4gala_9integrate_13cyintegrators_8leapfrog_c_init_velocity (__pyx_v_p=0x2b1f870, __pyx_v_n=1, __pyx_v_half_ndim=2, __pyx_v_t=0, __pyx_v_dt=0.015625, __pyx_v_x_jm1=0x2821110, __pyx_v_v_jm1=0x2821120, __pyx_v_v_jm1_2=0x29d1510, __pyx_v_grad=0x2a0c500) at src/gala/integrate/cyintegrators/leapfrog.cpp:21114
0x00007fffae797902	21114	in src/gala/integrate/cyintegrators/leapfrog.cpp
0x00007fffae797907	21114	in src/gala/integrate/cyintegrators/leapfrog.cpp
0x00007fffae797909	21114	in src/gala/integrate/cyintegrators/leapfrog.cpp
0x00007fffae79790c	21114	in src/gala/integrate/cyintegrators/leapfrog.cpp
0x00007fffae79790f	21092	in src/gala/integrate/cyintegrators/leapfrog.cpp
0x00007fffae797911	21092	in src/gala/integrate/cyintegrators/leapfrog.cpp
0x00007fffae797913	21092	in src/gala/integrate/cyintegrators/leapfrog.cpp
0x00007fffae797916	21092	in src/gala/integrate/cyintegrators/leapfrog.cpp
0x00007fffae797917	21092	in src/gala/integrate/cyintegrators/leapfrog.cpp
0x00007fffae79791a	21092	in src/gala/integrate/cyintegrators/leapfrog.cpp
0x00007fffae79791b	21092	in src/gala/integrate/cyintegrators/leapfrog.cpp
0x00007fffae79791e	21092	in src/gala/integrate/cyintegrators/leapfrog.cpp
0x00007fffae797922	21092	in src/gala/integrate/cyintegrators/leapfrog.cpp
0x00007fffae797927	21114	in src/gala/integrate/cyintegrators/leapfrog.cpp
0x00007fffae79792a	21114	in src/gala/integrate/cyintegrators/leapfrog.cpp
0x00007fffae7887c0 in c_gradient(_CPotential*, unsigned long, double, double*, double*)@plt () from /home/otherside123/venvs/gate2c1-trace/lib/python3.12/site-packages/gala/integrate/cyintegrators/leapfrog.cpython-312-x86_64-linux-gnu.so
c_gradient (p=0x2b1f870, N=1, t=0, qp=0x2821110, grad=0x2a0c500) at src/gala/potential/potential/src/cpotential.cpp:223
0x00007fffae7b73f2	223	in src/gala/potential/potential/src/cpotential.cpp
0x00007fffae7b73f4	223	in src/gala/potential/potential/src/cpotential.cpp
0x00007fffae7b73f7	223	in src/gala/potential/potential/src/cpotential.cpp
0x00007fffae7b73f9	223	in src/gala/potential/potential/src/cpotential.cpp
0x00007fffae7b73fc	223	in src/gala/potential/potential/src/cpotential.cpp
0x00007fffae7b73fe	223	in src/gala/potential/potential/src/cpotential.cpp
0x00007fffae7b73ff	223	in src/gala/potential/potential/src/cpotential.cpp
0x00007fffae7b7400	223	in src/gala/potential/potential/src/cpotential.cpp
0x00007fffae7b7404	238	in src/gala/potential/potential/src/cpotential.cpp
0x00007fffae7b7408	223	in src/gala/potential/potential/src/cpotential.cpp
0x00007fffae7b740b	214	in src/gala/potential/potential/src/cpotential.cpp
0x00007fffae7b7410	238	in src/gala/potential/potential/src/cpotential.cpp
0x00007fffae7b7413	214	in src/gala/potential/potential/src/cpotential.cpp
0x00007fffae7b7418	238	in src/gala/potential/potential/src/cpotential.cpp
0x00007fffae7b741c	223	in src/gala/potential/potential/src/cpotential.cpp
0x00007fffae7b741e	223	in src/gala/potential/potential/src/cpotential.cpp
0x00007fffae7b7424	224	in src/gala/potential/potential/src/cpotential.cpp
0x00007fffae7b7428	224	in src/gala/potential/potential/src/cpotential.cpp
0x00007fffae7b742b	223	in src/gala/potential/potential/src/cpotential.cpp
0x00007fffae7b742d	223	in src/gala/potential/potential/src/cpotential.cpp
224	in src/gala/potential/potential/src/cpotential.cpp
0x00007fffae7b7440	224	in src/gala/potential/potential/src/cpotential.cpp
0x00007fffae7b7442	224	in src/gala/potential/potential/src/cpotential.cpp
0x00007fffae7b7430	223	in src/gala/potential/potential/src/cpotential.cpp
0x00007fffae7b7434	223	in src/gala/potential/potential/src/cpotential.cpp
0x00007fffae7b7437	223	in src/gala/potential/potential/src/cpotential.cpp
238	in src/gala/potential/potential/src/cpotential.cpp
0x00007fffae7b7673	238	in src/gala/potential/potential/src/cpotential.cpp
0x00007fffae7b7679	239	in src/gala/potential/potential/src/cpotential.cpp
0x00007fffae7b7681	239	in src/gala/potential/potential/src/cpotential.cpp
0x00007fffae7b7684	239	in src/gala/potential/potential/src/cpotential.cpp
0x00007fffae7b7686	219	in src/gala/potential/potential/src/cpotential.cpp
0x00007fffae7b7689	239	in src/gala/potential/potential/src/cpotential.cpp
0x00007fffae788350 in memset@plt () from /home/otherside123/venvs/gate2c1-trace/lib/python3.12/site-packages/gala/integrate/cyintegrators/leapfrog.cpython-312-x86_64-linux-gnu.so
__memset_avx2_unaligned_erms () at ../sysdeps/x86_64/multiarch/memset-vec-unaligned-erms.S:158
159	in ../sysdeps/x86_64/multiarch/memset-vec-unaligned-erms.S
