{
  "all_refused": true,
  "base_capture_sha256": "3b8287a197513975ffab3037ac1056d902ba0ddff18435783d638bc5073cbcb7",
  "base_trace_sha256": "7c6ee3ccdc6d269bee21a108faa70ab8674f3ff55823bb16560a1bd97e187f06",
  "base_transition_sha256": "460001cb5c13c8060dc7c6c63ae3351ee92f7ad72b84f37f34068f8c067c3479",
  "case_count": 18,
  "cases": [
    {
      "name": "component-bits-changed",
      "result": {
        "code": "CARRY_BINDING",
        "reason": "center_bits mismatch for q[0]",
        "verdict": "REFUSED"
      }
    },
    {
      "name": "same-bits-wrong-dynamic-id",
      "result": {
        "code": "CARRY_BINDING",
        "reason": "endpoint_memory_value_id mismatch for q[0]",
        "verdict": "REFUSED"
      }
    },
    {
      "name": "component-swap",
      "result": {
        "code": "CARRY_SET",
        "reason": "carry order/identity mismatch at lane 0",
        "verdict": "REFUSED"
      }
    },
    {
      "name": "component-omission",
      "result": {
        "code": "CARRY_SET",
        "reason": "carry set must contain six lanes",
        "verdict": "REFUSED"
      }
    },
    {
      "name": "component-duplication",
      "result": {
        "code": "CARRY_SET",
        "reason": "carry set must contain six lanes",
        "verdict": "REFUSED"
      }
    },
    {
      "name": "stale-previous-endpoint",
      "result": {
        "code": "CARRY_BINDING",
        "reason": "endpoint_memory_value_id mismatch for full_v[0]",
        "verdict": "REFUSED"
      }
    },
    {
      "name": "other-acquisition-boundary",
      "result": {
        "code": "ANTECEDENT_IDENTITY",
        "reason": "capture/transition label mismatch",
        "verdict": "REFUSED"
      }
    },
    {
      "name": "caller-record-deletion",
      "result": {
        "code": "TRACE_SEQUENCE",
        "reason": "schema or dense sequence mismatch at row 715",
        "verdict": "REFUSED"
      }
    },
    {
      "name": "caller-record-reordering",
      "result": {
        "code": "TRACE_SEQUENCE",
        "reason": "schema or dense sequence mismatch at row 714",
        "verdict": "REFUSED"
      }
    },
    {
      "name": "changed-form-only",
      "result": {
        "code": "FORM_BINDING",
        "reason": "Form mismatch for full_v[0]",
        "verdict": "REFUSED"
      }
    },
    {
      "name": "semantic-write-alteration",
      "result": {
        "code": "WRITE_SET",
        "reason": "stored value mismatch at sequence 714",
        "verdict": "REFUSED"
      }
    },
    {
      "name": "same-value-store-omission",
      "result": {
        "code": "WRITE_SET",
        "reason": "write count mismatch at sequence 715",
        "verdict": "REFUSED"
      }
    },
    {
      "name": "incomplete-zero-coverage",
      "result": {
        "code": "WRITE_SET",
        "reason": "size mismatch at sequence 714",
        "verdict": "REFUSED"
      }
    },
    {
      "name": "wrong-time-provenance",
      "result": {
        "code": "TIME_PROVENANCE",
        "reason": "time transition binding mismatch",
        "verdict": "REFUSED"
      }
    },
    {
      "name": "wrong-dt-provenance",
      "result": {
        "code": "DT_PROVENANCE",
        "reason": "dt transition binding mismatch",
        "verdict": "REFUSED"
      }
    },
    {
      "name": "pointer-rebinding-receipt",
      "result": {
        "code": "POINTER_IDENTITY",
        "reason": "pointer identity mismatch for q",
        "verdict": "REFUSED"
      }
    },
    {
      "name": "unknown-antecedent",
      "result": {
        "code": "UNSUPPORTED_ANTECEDENT",
        "reason": "unsupported antecedent: unknown-case",
        "verdict": "REFUSED"
      }
    },
    {
      "name": "unknown-instruction-effect",
      "result": {
        "code": "UNKNOWN_INSTRUCTION_EFFECT",
        "reason": "unknown memory-destination effect at sequence 9: stosq  %rax,(%rdi)",
        "verdict": "REFUSED"
      }
    }
  ],
  "reproduction_source": "runtime_trace/caller_transition/tests/test_caller_mutations.py plus this preserved generator",
  "schema": "gala-caller-transition-mutation-results-v1"
}
