F...                                                                     [100%]
=================================== FAILURES ===================================
_____ test_actual_semantics_positive_separate_from_historical_source_pins ______

    def test_actual_semantics_positive_separate_from_historical_source_pins():
        capture = json.loads((CAPTURE / 'capture.json').read_bytes())
        rows = [json.loads(line) for line in (CAPTURE / 'trace.jsonl').read_bytes().splitlines()]
>       assert api().validate_semantics(capture, rows, ROOT)['checked_steps'] == 10
               ^^^^^^^^^^^^^^^^^^^^^^^^^^^^^^^^^^^^^^^^^^^^^

tests/test_regular_nstep_raw.py:33: 
_ _ _ _ _ _ _ _ _ _ _ _ _ _ _ _ _ _ _ _ _ _ _ _ _ _ _ _ _ _ _ _ _ _ _ _ _ _ _ _ 
runtime_trace/regular_nstep/raw_check.py:351: in validate_semantics
    require(body_checker.prefix_structure(rows[fresh['start_seq']:fresh['end_seq']], fresh, capture['modules']) ==
_ _ _ _ _ _ _ _ _ _ _ _ _ _ _ _ _ _ _ _ _ _ _ _ _ _ _ _ _ _ _ _ _ _ _ _ _ _ _ _ 

ok = False
reason = 'complete audited base instruction/control/storage topology'

    def require(ok, reason):
        if not ok:
>           raise ValueError(reason)
E           ValueError: complete audited base instruction/control/storage topology

runtime_trace/regular_nstep/raw_check.py:19: ValueError
=========================== short test summary info ============================
FAILED tests/test_regular_nstep_raw.py::test_actual_semantics_positive_separate_from_historical_source_pins
1 failed, 3 passed, 8 deselected in 8.48s
